<?xml version="1.0" encoding="UTF-8" ?>
<testsuites name="vitest tests" tests="19" failures="12" errors="0" time="15.681">
    <testsuite name="tests/integration/development-ui-workflow.test.tsx" timestamp="2025-09-29T11:03:15.205Z" hostname="serio_work" tests="19" failures="12" errors="0" skipped="0" time="13.467">
        <testcase classname="tests/integration/development-ui-workflow.test.tsx" name="Development UI Workflow Integration &gt; 4-State Workflow Progression &gt; should start in &quot;In Development&quot; state" time="1.044">
            <failure message="Found multiple elements with the text: /In Development/i

Here are the matching elements:

Ignored nodes: comments, script, style
[36m&lt;span[39m
  [33mclass[39m=[32m&quot;protobooth-status-badge protobooth-status-badge--development&quot;[39m
[36m&gt;[39m
  [0mIn Development[0m
[36m&lt;/span&gt;[39m

Ignored nodes: comments, script, style
[36m&lt;h2&gt;[39m
  [0mIn Development[0m
[36m&lt;/h2&gt;[39m

(If this is intentional, then use the `*AllBy*` variant of the query (like `queryAllByText`, `getAllByText`, or `findAllByText`)).

Ignored nodes: comments, script, style
[36m&lt;body&gt;[39m
  [36m&lt;div&gt;[39m
    [36m&lt;div[39m
      [33mclass[39m=[32m&quot;protobooth-layout protobooth-protobooth-resolve protobooth-resolve&quot;[39m
      [33mdata-testid[39m=[32m&quot;resolve-app&quot;[39m
      [33mid[39m=[32m&quot;protobooth-resolve&quot;[39m
    [36m&gt;[39m
      [36m&lt;div[39m
        [33mclass[39m=[32m&quot;protobooth-resolve__header&quot;[39m
      [36m&gt;[39m
        [36m&lt;h1&gt;[39m
          [0mprotobooth Development Interface[0m
        [36m&lt;/h1&gt;[39m
        [36m&lt;span[39m
          [33mclass[39m=[32m&quot;protobooth-status-badge protobooth-status-badge--development&quot;[39m
        [36m&gt;[39m
          [0mIn Development[0m
        [36m&lt;/span&gt;[39m
      [36m&lt;/div&gt;[39m
      [36m&lt;div[39m
        [33mclass[39m=[32m&quot;protobooth-resolve__content&quot;[39m
      [36m&gt;[39m
        [36m&lt;div[39m
          [33mclass[39m=[32m&quot;protobooth-resolve__development&quot;[39m
          [33mdata-testid[39m=[32m&quot;workflow-in-development&quot;[39m
        [36m&gt;[39m
          [36m&lt;h2&gt;[39m
            [0mIn Development[0m
          [36m&lt;/h2&gt;[39m
          [36m&lt;p&gt;[39m
            [0mReady to request client review of your prototype.[0m
          [36m&lt;/p&gt;[39m
          [36m&lt;div[39m
            [33mclass[39m=[32m&quot;protobooth-resolve__actions&quot;[39m
          [36m&gt;[39m
            [36m&lt;button[39m
              [33mclass[39m=[32m&quot;protobooth-button protobooth-button--primary protobooth-button--medium protobooth-resolve__primary-button&quot;[39m
              [33mdata-testid[39m=[32m&quot;request-review-button&quot;[39m
            [36m&gt;[39m
              [0mRequest Review[0m
            [36m&lt;/button&gt;[39m
          [36m&lt;/div&gt;[39m
        [36m&lt;/div&gt;[39m
      [36m&lt;/div&gt;[39m
    [36m&lt;/div&gt;[39m
  [36m&lt;/div&gt;[39m
[36m&lt;/body&gt;[39m

Ignored nodes: comments, script, style
[36m&lt;html&gt;[39m
  [36m&lt;head /&gt;[39m
  [36m&lt;body&gt;[39m
    [36m&lt;div&gt;[39m
      [36m&lt;div[39m
        [33mclass[39m=[32m&quot;protobooth-layout protobooth-protobooth-resolve protobooth-resolve&quot;[39m
        [33mdata-testid[39m=[32m&quot;resolve-app&quot;[39m
        [33mid[39m=[32m&quot;protobooth-resolve&quot;[39m
      [36m&gt;[39m
        [36m&lt;div[39m
          [33mclass[39m=[32m&quot;protobooth-resolve__header&quot;[39m
        [36m&gt;[39m
          [36m&lt;h1&gt;[39m
            [0mprotobooth Development Interface[0m
          [36m&lt;/h1&gt;[39m
          [36m&lt;span[39m
            [33mclass[39m=[32m&quot;protobooth-status-badge protobooth-status-badge--development&quot;[39m
          [36m&gt;[39m
            [0mIn Development[0m
          [36m&lt;/span&gt;[39m
        [36m&lt;/div&gt;[39m
        [36m&lt;div[39m
          [33mclass[39m=[32m&quot;protobooth-resolve__content&quot;[39m
        [36m&gt;[39m
          [36m&lt;div[39m
            [33mclass[39m=[32m&quot;protobooth-resolve__development&quot;[39m
            [33mdata-testid[39m=[32m&quot;workflow-in-development&quot;[39m
          [36m&gt;[39m
            [36m&lt;h2&gt;[39m
              [0mIn Development[0m
            [36m&lt;/h2&gt;[39m
            [36m&lt;p&gt;[39m
              [0mReady to request client review of your prototype.[0m
            [36m&lt;/p&gt;[39m
            [36m&lt;div[39m
              [33mclass[39m=[32m&quot;protobooth-resolve__actions&quot;[39m
            [36m&gt;[39m
              [36m&lt;button[39m
                [33mclass[39m=[32m&quot;protobooth-button protobooth-button--primary protobooth-button--medium protobooth-resolve__primary-button&quot;[39m
                [33mdata-testid[39m=[32m&quot;request-review-button&quot;[39m
              [36m&gt;[39m
                [0mRequest Review[0m
              [36m&lt;/button&gt;[39m
            [36m&lt;/div&gt;[39m
          [36m&lt;/div&gt;[39m
        [36m&lt;/div&gt;[39m
      [36m&lt;/div&gt;[39m
    [36m&lt;/div&gt;[39m
  [36m&lt;/body&gt;[39m
[36m&lt;/html&gt;[39m" type="TestingLibraryElementError">
TestingLibraryElementError: Found multiple elements with the text: /In Development/i

Here are the matching elements:

Ignored nodes: comments, script, style
&lt;span
  class=&quot;protobooth-status-badge protobooth-status-badge--development&quot;
&gt;
  In Development
&lt;/span&gt;

Ignored nodes: comments, script, style
&lt;h2&gt;
  In Development
&lt;/h2&gt;

(If this is intentional, then use the `*AllBy*` variant of the query (like `queryAllByText`, `getAllByText`, or `findAllByText`)).

Ignored nodes: comments, script, style
&lt;body&gt;
  &lt;div&gt;
    &lt;div
      class=&quot;protobooth-layout protobooth-protobooth-resolve protobooth-resolve&quot;
      data-testid=&quot;resolve-app&quot;
      id=&quot;protobooth-resolve&quot;
    &gt;
      &lt;div
        class=&quot;protobooth-resolve__header&quot;
      &gt;
        &lt;h1&gt;
          protobooth Development Interface
        &lt;/h1&gt;
        &lt;span
          class=&quot;protobooth-status-badge protobooth-status-badge--development&quot;
        &gt;
          In Development
        &lt;/span&gt;
      &lt;/div&gt;
      &lt;div
        class=&quot;protobooth-resolve__content&quot;
      &gt;
        &lt;div
          class=&quot;protobooth-resolve__development&quot;
          data-testid=&quot;workflow-in-development&quot;
        &gt;
          &lt;h2&gt;
            In Development
          &lt;/h2&gt;
          &lt;p&gt;
            Ready to request client review of your prototype.
          &lt;/p&gt;
          &lt;div
            class=&quot;protobooth-resolve__actions&quot;
          &gt;
            &lt;button
              class=&quot;protobooth-button protobooth-button--primary protobooth-button--medium protobooth-resolve__primary-button&quot;
              data-testid=&quot;request-review-button&quot;
            &gt;
              Request Review
            &lt;/button&gt;
          &lt;/div&gt;
        &lt;/div&gt;
      &lt;/div&gt;
    &lt;/div&gt;
  &lt;/div&gt;
&lt;/body&gt;

Ignored nodes: comments, script, style
&lt;html&gt;
  &lt;head /&gt;
  &lt;body&gt;
    &lt;div&gt;
      &lt;div
        class=&quot;protobooth-layout protobooth-protobooth-resolve protobooth-resolve&quot;
        data-testid=&quot;resolve-app&quot;
        id=&quot;protobooth-resolve&quot;
      &gt;
        &lt;div
          class=&quot;protobooth-resolve__header&quot;
        &gt;
          &lt;h1&gt;
            protobooth Development Interface
          &lt;/h1&gt;
          &lt;span
            class=&quot;protobooth-status-badge protobooth-status-badge--development&quot;
          &gt;
            In Development
          &lt;/span&gt;
        &lt;/div&gt;
        &lt;div
          class=&quot;protobooth-resolve__content&quot;
        &gt;
          &lt;div
            class=&quot;protobooth-resolve__development&quot;
            data-testid=&quot;workflow-in-development&quot;
          &gt;
            &lt;h2&gt;
              In Development
            &lt;/h2&gt;
            &lt;p&gt;
              Ready to request client review of your prototype.
            &lt;/p&gt;
            &lt;div
              class=&quot;protobooth-resolve__actions&quot;
            &gt;
              &lt;button
                class=&quot;protobooth-button protobooth-button--primary protobooth-button--medium protobooth-resolve__primary-button&quot;
                data-testid=&quot;request-review-button&quot;
              &gt;
                Request Review
              &lt;/button&gt;
            &lt;/div&gt;
          &lt;/div&gt;
        &lt;/div&gt;
      &lt;/div&gt;
    &lt;/div&gt;
  &lt;/body&gt;
&lt;/html&gt;
 ❯ Proxy.waitForWrapper node_modules/@testing-library/dom/dist/wait-for.js:163:27
 ❯ tests/integration/development-ui-workflow.test.tsx:164:13
            </failure>
        </testcase>
        <testcase classname="tests/integration/development-ui-workflow.test.tsx" name="Development UI Workflow Integration &gt; 4-State Workflow Progression &gt; should transition to &quot;Reviews Requested&quot; when Request Review is clicked" time="1.031">
            <failure message="expected &quot;spy&quot; to be called with arguments: [ StringContaining{…}, …(1) ][90m

Received: 

[1m  1st spy call:

[22m[2m  Array [[22m
[32m-   StringContaining &quot;workflow-state.json&quot;,[90m
[32m-   StringContaining &quot;\&quot;state\&quot;:\&quot;reviews-requested\&quot;&quot;,[90m
[31m+   &quot;protobooth-workflow-state.json&quot;,[90m
[31m+   &quot;{[90m
[31m+   \&quot;state\&quot;: \&quot;reviews-requested\&quot;,[90m
[31m+   \&quot;timestamp\&quot;: \&quot;2025-09-29T11:03:02.732Z\&quot;[90m
[31m+ }&quot;,[90m
[2m  ][22m

[1m  2nd spy call:

[22m[2m  Array [[22m
[32m-   StringContaining &quot;workflow-state.json&quot;,[90m
[32m-   StringContaining &quot;\&quot;state\&quot;:\&quot;reviews-requested\&quot;&quot;,[90m
[31m+   &quot;protobooth-workflow-state.json&quot;,[90m
[31m+   &quot;{[90m
[31m+   \&quot;state\&quot;: \&quot;in-review\&quot;,[90m
[31m+   \&quot;timestamp\&quot;: \&quot;2025-09-29T11:03:03.563Z\&quot;[90m
[31m+ }&quot;,[90m
[2m  ][22m
[39m[90m

Number of calls: [1m2[22m
[39m

Ignored nodes: comments, script, style
[36m&lt;html&gt;[39m
  [36m&lt;head /&gt;[39m
  [36m&lt;body&gt;[39m
    [36m&lt;div&gt;[39m
      [36m&lt;div[39m
        [33mclass[39m=[32m&quot;protobooth-layout protobooth-protobooth-resolve protobooth-resolve&quot;[39m
        [33mdata-testid[39m=[32m&quot;resolve-app&quot;[39m
        [33mid[39m=[32m&quot;protobooth-resolve&quot;[39m
      [36m&gt;[39m
        [36m&lt;div[39m
          [33mclass[39m=[32m&quot;protobooth-resolve__header&quot;[39m
        [36m&gt;[39m
          [36m&lt;h1&gt;[39m
            [0mprotobooth Development Interface[0m
          [36m&lt;/h1&gt;[39m
          [36m&lt;span[39m
            [33mclass[39m=[32m&quot;protobooth-status-badge protobooth-status-badge--review&quot;[39m
          [36m&gt;[39m
            [0mIn Review[0m
          [36m&lt;/span&gt;[39m
        [36m&lt;/div&gt;[39m
        [36m&lt;div[39m
          [33mclass[39m=[32m&quot;protobooth-resolve__content&quot;[39m
        [36m&gt;[39m
          [36m&lt;div[39m
            [33mclass[39m=[32m&quot;protobooth-resolve__review&quot;[39m
            [33mdata-testid[39m=[32m&quot;workflow-in-review&quot;[39m
          [36m&gt;[39m
            [36m&lt;h2&gt;[39m
              [0mIn Review[0m
            [36m&lt;/h2&gt;[39m
            [36m&lt;p&gt;[39m
              [0mWaiting for client feedback on staging server.[0m
            [36m&lt;/p&gt;[39m
            [36m&lt;div[39m
              [33mclass[39m=[32m&quot;protobooth-resolve__actions&quot;[39m
            [36m&gt;[39m
              [36m&lt;button[39m
                [33mclass[39m=[32m&quot;protobooth-button protobooth-button--primary protobooth-button--medium&quot;[39m
                [33mdata-testid[39m=[32m&quot;download-annotations-button&quot;[39m
              [36m&gt;[39m
                [0mDownload Annotations[0m
              [36m&lt;/button&gt;[39m
              [36m&lt;button[39m
                [33mclass[39m=[32m&quot;protobooth-button protobooth-button--secondary protobooth-button--medium&quot;[39m
                [33mdata-testid[39m=[32m&quot;start-new-review-button&quot;[39m
              [36m&gt;[39m
                [0mStart New Review[0m
              [36m&lt;/button&gt;[39m
            [36m&lt;/div&gt;[39m
          [36m&lt;/div&gt;[39m
        [36m&lt;/div&gt;[39m
      [36m&lt;/div&gt;[39m
    [36m&lt;/div&gt;[39m
  [36m&lt;/body&gt;[39m
[36m&lt;/html&gt;[39m" type="AssertionError">
AssertionError: expected &quot;spy&quot; to be called with arguments: [ StringContaining{…}, …(1) ]

Received: 

  1st spy call:

  Array [
-   StringContaining &quot;workflow-state.json&quot;,
-   StringContaining &quot;\&quot;state\&quot;:\&quot;reviews-requested\&quot;&quot;,
+   &quot;protobooth-workflow-state.json&quot;,
+   &quot;{
+   \&quot;state\&quot;: \&quot;reviews-requested\&quot;,
+   \&quot;timestamp\&quot;: \&quot;2025-09-29T11:03:02.732Z\&quot;
+ }&quot;,
  ]

  2nd spy call:

  Array [
-   StringContaining &quot;workflow-state.json&quot;,
-   StringContaining &quot;\&quot;state\&quot;:\&quot;reviews-requested\&quot;&quot;,
+   &quot;protobooth-workflow-state.json&quot;,
+   &quot;{
+   \&quot;state\&quot;: \&quot;in-review\&quot;,
+   \&quot;timestamp\&quot;: \&quot;2025-09-29T11:03:03.563Z\&quot;
+ }&quot;,
  ]


Number of calls: 2


Ignored nodes: comments, script, style
&lt;html&gt;
  &lt;head /&gt;
  &lt;body&gt;
    &lt;div&gt;
      &lt;div
        class=&quot;protobooth-layout protobooth-protobooth-resolve protobooth-resolve&quot;
        data-testid=&quot;resolve-app&quot;
        id=&quot;protobooth-resolve&quot;
      &gt;
        &lt;div
          class=&quot;protobooth-resolve__header&quot;
        &gt;
          &lt;h1&gt;
            protobooth Development Interface
          &lt;/h1&gt;
          &lt;span
            class=&quot;protobooth-status-badge protobooth-status-badge--review&quot;
          &gt;
            In Review
          &lt;/span&gt;
        &lt;/div&gt;
        &lt;div
          class=&quot;protobooth-resolve__content&quot;
        &gt;
          &lt;div
            class=&quot;protobooth-resolve__review&quot;
            data-testid=&quot;workflow-in-review&quot;
          &gt;
            &lt;h2&gt;
              In Review
            &lt;/h2&gt;
            &lt;p&gt;
              Waiting for client feedback on staging server.
            &lt;/p&gt;
            &lt;div
              class=&quot;protobooth-resolve__actions&quot;
            &gt;
              &lt;button
                class=&quot;protobooth-button protobooth-button--primary protobooth-button--medium&quot;
                data-testid=&quot;download-annotations-button&quot;
              &gt;
                Download Annotations
              &lt;/button&gt;
              &lt;button
                class=&quot;protobooth-button protobooth-button--secondary protobooth-button--medium&quot;
                data-testid=&quot;start-new-review-button&quot;
              &gt;
                Start New Review
              &lt;/button&gt;
            &lt;/div&gt;
          &lt;/div&gt;
        &lt;/div&gt;
      &lt;/div&gt;
    &lt;/div&gt;
  &lt;/body&gt;
&lt;/html&gt;
 ❯ tests/integration/development-ui-workflow.test.tsx:177:39
 ❯ runWithExpensiveErrorDiagnosticsDisabled node_modules/@testing-library/dom/dist/config.js:47:12
 ❯ checkCallback node_modules/@testing-library/dom/dist/wait-for.js:124:77
 ❯ Timeout.checkRealTimersCallback node_modules/@testing-library/dom/dist/wait-for.js:118:16
            </failure>
        </testcase>
        <testcase classname="tests/integration/development-ui-workflow.test.tsx" name="Development UI Workflow Integration &gt; 4-State Workflow Progression &gt; should capture screenshots during &quot;Reviews Requested&quot; state" time="0.003">
        </testcase>
        <testcase classname="tests/integration/development-ui-workflow.test.tsx" name="Development UI Workflow Integration &gt; 4-State Workflow Progression &gt; should transition to &quot;In Review&quot; after screenshots are deployed" time="1.013">
            <failure message="Found multiple elements with the text: /In Review/i

Here are the matching elements:

Ignored nodes: comments, script, style
[36m&lt;span[39m
  [33mclass[39m=[32m&quot;protobooth-status-badge protobooth-status-badge--review&quot;[39m
[36m&gt;[39m
  [0mIn Review[0m
[36m&lt;/span&gt;[39m

Ignored nodes: comments, script, style
[36m&lt;h2&gt;[39m
  [0mIn Review[0m
[36m&lt;/h2&gt;[39m

(If this is intentional, then use the `*AllBy*` variant of the query (like `queryAllByText`, `getAllByText`, or `findAllByText`)).

Ignored nodes: comments, script, style
[36m&lt;body&gt;[39m
  [36m&lt;div&gt;[39m
    [36m&lt;div[39m
      [33mclass[39m=[32m&quot;protobooth-layout protobooth-protobooth-resolve protobooth-resolve&quot;[39m
      [33mdata-testid[39m=[32m&quot;resolve-app&quot;[39m
      [33mid[39m=[32m&quot;protobooth-resolve&quot;[39m
    [36m&gt;[39m
      [36m&lt;div[39m
        [33mclass[39m=[32m&quot;protobooth-resolve__header&quot;[39m
      [36m&gt;[39m
        [36m&lt;h1&gt;[39m
          [0mprotobooth Development Interface[0m
        [36m&lt;/h1&gt;[39m
        [36m&lt;span[39m
          [33mclass[39m=[32m&quot;protobooth-status-badge protobooth-status-badge--review&quot;[39m
        [36m&gt;[39m
          [0mIn Review[0m
        [36m&lt;/span&gt;[39m
      [36m&lt;/div&gt;[39m
      [36m&lt;div[39m
        [33mclass[39m=[32m&quot;protobooth-resolve__content&quot;[39m
      [36m&gt;[39m
        [36m&lt;div[39m
          [33mclass[39m=[32m&quot;protobooth-resolve__review&quot;[39m
          [33mdata-testid[39m=[32m&quot;workflow-in-review&quot;[39m
        [36m&gt;[39m
          [36m&lt;h2&gt;[39m
            [0mIn Review[0m
          [36m&lt;/h2&gt;[39m
          [36m&lt;p&gt;[39m
            [0mWaiting for client feedback on staging server.[0m
          [36m&lt;/p&gt;[39m
          [36m&lt;div[39m
            [33mclass[39m=[32m&quot;protobooth-resolve__actions&quot;[39m
          [36m&gt;[39m
            [36m&lt;button[39m
              [33mclass[39m=[32m&quot;protobooth-button protobooth-button--primary protobooth-button--medium&quot;[39m
              [33mdata-testid[39m=[32m&quot;download-annotations-button&quot;[39m
            [36m&gt;[39m
              [0mDownload Annotations[0m
            [36m&lt;/button&gt;[39m
            [36m&lt;button[39m
              [33mclass[39m=[32m&quot;protobooth-button protobooth-button--secondary protobooth-button--medium&quot;[39m
              [33mdata-testid[39m=[32m&quot;start-new-review-button&quot;[39m
            [36m&gt;[39m
              [0mStart New Review[0m
            [36m&lt;/button&gt;[39m
          [36m&lt;/div&gt;[39m
        [36m&lt;/div&gt;[39m
      [36m&lt;/div&gt;[39m
    [36m&lt;/div&gt;[39m
  [36m&lt;/div&gt;[39m
[36m&lt;/body&gt;[39m

Ignored nodes: comments, script, style
[36m&lt;html&gt;[39m
  [36m&lt;head /&gt;[39m
  [36m&lt;body&gt;[39m
    [36m&lt;div&gt;[39m
      [36m&lt;div[39m
        [33mclass[39m=[32m&quot;protobooth-layout protobooth-protobooth-resolve protobooth-resolve&quot;[39m
        [33mdata-testid[39m=[32m&quot;resolve-app&quot;[39m
        [33mid[39m=[32m&quot;protobooth-resolve&quot;[39m
      [36m&gt;[39m
        [36m&lt;div[39m
          [33mclass[39m=[32m&quot;protobooth-resolve__header&quot;[39m
        [36m&gt;[39m
          [36m&lt;h1&gt;[39m
            [0mprotobooth Development Interface[0m
          [36m&lt;/h1&gt;[39m
          [36m&lt;span[39m
            [33mclass[39m=[32m&quot;protobooth-status-badge protobooth-status-badge--review&quot;[39m
          [36m&gt;[39m
            [0mIn Review[0m
          [36m&lt;/span&gt;[39m
        [36m&lt;/div&gt;[39m
        [36m&lt;div[39m
          [33mclass[39m=[32m&quot;protobooth-resolve__content&quot;[39m
        [36m&gt;[39m
          [36m&lt;div[39m
            [33mclass[39m=[32m&quot;protobooth-resolve__review&quot;[39m
            [33mdata-testid[39m=[32m&quot;workflow-in-review&quot;[39m
          [36m&gt;[39m
            [36m&lt;h2&gt;[39m
              [0mIn Review[0m
            [36m&lt;/h2&gt;[39m
            [36m&lt;p&gt;[39m
              [0mWaiting for client feedback on staging server.[0m
            [36m&lt;/p&gt;[39m
            [36m&lt;div[39m
              [33mclass[39m=[32m&quot;protobooth-resolve__actions&quot;[39m
            [36m&gt;[39m
              [36m&lt;button[39m
                [33mclass[39m=[32m&quot;protobooth-button protobooth-button--primary protobooth-button--medium&quot;[39m
                [33mdata-testid[39m=[32m&quot;download-annotations-button&quot;[39m
              [36m&gt;[39m
                [0mDownload Annotations[0m
              [36m&lt;/button&gt;[39m
              [36m&lt;button[39m
                [33mclass[39m=[32m&quot;protobooth-button protobooth-button--secondary protobooth-button--medium&quot;[39m
                [33mdata-testid[39m=[32m&quot;start-new-review-button&quot;[39m
              [36m&gt;[39m
                [0mStart New Review[0m
              [36m&lt;/button&gt;[39m
            [36m&lt;/div&gt;[39m
          [36m&lt;/div&gt;[39m
        [36m&lt;/div&gt;[39m
      [36m&lt;/div&gt;[39m
    [36m&lt;/div&gt;[39m
  [36m&lt;/body&gt;[39m
[36m&lt;/html&gt;[39m" type="TestingLibraryElementError">
TestingLibraryElementError: Found multiple elements with the text: /In Review/i

Here are the matching elements:

Ignored nodes: comments, script, style
&lt;span
  class=&quot;protobooth-status-badge protobooth-status-badge--review&quot;
&gt;
  In Review
&lt;/span&gt;

Ignored nodes: comments, script, style
&lt;h2&gt;
  In Review
&lt;/h2&gt;

(If this is intentional, then use the `*AllBy*` variant of the query (like `queryAllByText`, `getAllByText`, or `findAllByText`)).

Ignored nodes: comments, script, style
&lt;body&gt;
  &lt;div&gt;
    &lt;div
      class=&quot;protobooth-layout protobooth-protobooth-resolve protobooth-resolve&quot;
      data-testid=&quot;resolve-app&quot;
      id=&quot;protobooth-resolve&quot;
    &gt;
      &lt;div
        class=&quot;protobooth-resolve__header&quot;
      &gt;
        &lt;h1&gt;
          protobooth Development Interface
        &lt;/h1&gt;
        &lt;span
          class=&quot;protobooth-status-badge protobooth-status-badge--review&quot;
        &gt;
          In Review
        &lt;/span&gt;
      &lt;/div&gt;
      &lt;div
        class=&quot;protobooth-resolve__content&quot;
      &gt;
        &lt;div
          class=&quot;protobooth-resolve__review&quot;
          data-testid=&quot;workflow-in-review&quot;
        &gt;
          &lt;h2&gt;
            In Review
          &lt;/h2&gt;
          &lt;p&gt;
            Waiting for client feedback on staging server.
          &lt;/p&gt;
          &lt;div
            class=&quot;protobooth-resolve__actions&quot;
          &gt;
            &lt;button
              class=&quot;protobooth-button protobooth-button--primary protobooth-button--medium&quot;
              data-testid=&quot;download-annotations-button&quot;
            &gt;
              Download Annotations
            &lt;/button&gt;
            &lt;button
              class=&quot;protobooth-button protobooth-button--secondary protobooth-button--medium&quot;
              data-testid=&quot;start-new-review-button&quot;
            &gt;
              Start New Review
            &lt;/button&gt;
          &lt;/div&gt;
        &lt;/div&gt;
      &lt;/div&gt;
    &lt;/div&gt;
  &lt;/div&gt;
&lt;/body&gt;

Ignored nodes: comments, script, style
&lt;html&gt;
  &lt;head /&gt;
  &lt;body&gt;
    &lt;div&gt;
      &lt;div
        class=&quot;protobooth-layout protobooth-protobooth-resolve protobooth-resolve&quot;
        data-testid=&quot;resolve-app&quot;
        id=&quot;protobooth-resolve&quot;
      &gt;
        &lt;div
          class=&quot;protobooth-resolve__header&quot;
        &gt;
          &lt;h1&gt;
            protobooth Development Interface
          &lt;/h1&gt;
          &lt;span
            class=&quot;protobooth-status-badge protobooth-status-badge--review&quot;
          &gt;
            In Review
          &lt;/span&gt;
        &lt;/div&gt;
        &lt;div
          class=&quot;protobooth-resolve__content&quot;
        &gt;
          &lt;div
            class=&quot;protobooth-resolve__review&quot;
            data-testid=&quot;workflow-in-review&quot;
          &gt;
            &lt;h2&gt;
              In Review
            &lt;/h2&gt;
            &lt;p&gt;
              Waiting for client feedback on staging server.
            &lt;/p&gt;
            &lt;div
              class=&quot;protobooth-resolve__actions&quot;
            &gt;
              &lt;button
                class=&quot;protobooth-button protobooth-button--primary protobooth-button--medium&quot;
                data-testid=&quot;download-annotations-button&quot;
              &gt;
                Download Annotations
              &lt;/button&gt;
              &lt;button
                class=&quot;protobooth-button protobooth-button--secondary protobooth-button--medium&quot;
                data-testid=&quot;start-new-review-button&quot;
              &gt;
                Start New Review
              &lt;/button&gt;
            &lt;/div&gt;
          &lt;/div&gt;
        &lt;/div&gt;
      &lt;/div&gt;
    &lt;/div&gt;
  &lt;/body&gt;
&lt;/html&gt;
 ❯ Proxy.waitForWrapper node_modules/@testing-library/dom/dist/wait-for.js:163:27
 ❯ tests/integration/development-ui-workflow.test.tsx:217:13
            </failure>
        </testcase>
        <testcase classname="tests/integration/development-ui-workflow.test.tsx" name="Development UI Workflow Integration &gt; 4-State Workflow Progression &gt; should transition to &quot;Submitted For Development&quot; when annotations are ready" time="1.019">
            <failure message="Found multiple elements with the text: /Submitted For Development/i

Here are the matching elements:

Ignored nodes: comments, script, style
[36m&lt;span[39m
  [33mclass[39m=[32m&quot;protobooth-status-badge protobooth-status-badge--submitted&quot;[39m
[36m&gt;[39m
  [0mSubmitted For Development[0m
[36m&lt;/span&gt;[39m

Ignored nodes: comments, script, style
[36m&lt;h2&gt;[39m
  [0mSubmitted For Development[0m
[36m&lt;/h2&gt;[39m

(If this is intentional, then use the `*AllBy*` variant of the query (like `queryAllByText`, `getAllByText`, or `findAllByText`)).

Ignored nodes: comments, script, style
[36m&lt;body&gt;[39m
  [36m&lt;div&gt;[39m
    [36m&lt;div[39m
      [33mclass[39m=[32m&quot;protobooth-layout protobooth-protobooth-resolve protobooth-resolve&quot;[39m
      [33mdata-testid[39m=[32m&quot;resolve-app&quot;[39m
      [33mid[39m=[32m&quot;protobooth-resolve&quot;[39m
    [36m&gt;[39m
      [36m&lt;div[39m
        [33mclass[39m=[32m&quot;protobooth-resolve__header&quot;[39m
      [36m&gt;[39m
        [36m&lt;h1&gt;[39m
          [0mprotobooth Development Interface[0m
        [36m&lt;/h1&gt;[39m
        [36m&lt;span[39m
          [33mclass[39m=[32m&quot;protobooth-status-badge protobooth-status-badge--submitted&quot;[39m
        [36m&gt;[39m
          [0mSubmitted For Development[0m
        [36m&lt;/span&gt;[39m
      [36m&lt;/div&gt;[39m
      [36m&lt;div[39m
        [33mclass[39m=[32m&quot;protobooth-resolve__content&quot;[39m
      [36m&gt;[39m
        [36m&lt;div[39m
          [33mclass[39m=[32m&quot;protobooth-resolve__submitted&quot;[39m
          [33mdata-testid[39m=[32m&quot;workflow-submitted-for-development&quot;[39m
        [36m&gt;[39m
          [36m&lt;h2&gt;[39m
            [0mSubmitted For Development[0m
          [36m&lt;/h2&gt;[39m
          [36m&lt;p[39m
            [33mdata-testid[39m=[32m&quot;annotations-count&quot;[39m
          [36m&gt;[39m
            [0m2[0m
            [0m annotations ready for resolution.[0m
          [36m&lt;/p&gt;[39m
          [36m&lt;div[39m
            [33mclass[39m=[32m&quot;protobooth-progress-bar protobooth-resolve__progress-bar&quot;[39m
          [36m&gt;[39m
            [36m&lt;div[39m
              [33mclass[39m=[32m&quot;protobooth-progress-bar__label&quot;[39m
            [36m&gt;[39m
              [0m0 of 2 annotations resolved[0m
              [36m&lt;span[39m
                [33mclass[39m=[32m&quot;protobooth-progress-bar__percentage&quot;[39m
              [36m&gt;[39m
                [0m0[0m
                [0m%[0m
              [36m&lt;/span&gt;[39m
            [36m&lt;/div&gt;[39m
            [36m&lt;div[39m
              [33mclass[39m=[32m&quot;protobooth-progress-bar__track&quot;[39m
            [36m&gt;[39m
              [36m&lt;div[39m
                [33mclass[39m=[32m&quot;protobooth-progress-bar__fill&quot;[39m
                [33mstyle[39m=[32m&quot;width: 0%;&quot;[39m
              [36m/&gt;[39m
            [36m&lt;/div&gt;[39m
          [36m&lt;/div&gt;[39m
          [36m&lt;div[39m
            [33mclass[39m=[32m&quot;protobooth-annotation-list&quot;[39m
            [33mdata-testid[39m=[32m&quot;annotation-list&quot;[39m
          [36m&gt;[39m
            [36m&lt;div[39m
              [33mclass[39m=[32m&quot;protobooth-annotation-group&quot;[39m
            [36m&gt;[39m
              [36m&lt;h3&gt;[39m
                [0mPending ([0m
                [0m2[0m
                [0m)[0m
              [36m&lt;/h3&gt;[39m
              [36m&lt;div[39m
                [33mclass[39m=[32m&quot;protobooth-annotation-item protobooth-annotation-item--medium-priority&quot;[39m
              [36m&gt;[39m
                [36m&lt;div[39m
                  [33mclass[39m=[32m&quot;protobooth-annotation-item__header&quot;[39m
                [36m&gt;[39m
                  [36m&lt;div[39m
                    [33mclass[39m=[32m&quot;protobooth-annotation-item__meta&quot;[39m
                  [36m&gt;[39m
                    [36m&lt;span[39m
                      [33mclass[39m=[32m&quot;protobooth-annotation-item__route&quot;[39m
                    [36m&gt;[39m
                      [0m/[0m
                    [36m&lt;/span&gt;[39m
                    [36m&lt;span[39m
                      [33mclass[39m=[32m&quot;protobooth-annotation-item__viewport&quot;[39m
                    [36m&gt;[39m
                      [0mdesktop[0m
                    [36m&lt;/span&gt;[39m
                    [36m&lt;span[39m
                      [33mclass[39m=[32m&quot;protobooth-annotation-item__priority protobooth-annotation-item__priority--medium&quot;[39m
                    [36m&gt;[39m
                      [0mmedium[0m
                      [0m priority[0m
                    [36m&lt;/span&gt;[39m
                  [36m&lt;/div&gt;[39m
                  [36m&lt;span[39m
                    [33mclass[39m=[32m&quot;protobooth-status-badge protobooth-status-badge--pending&quot;[39m
                  [36m&gt;[39m
                    [0mPending[0m
                  [36m&lt;/span&gt;[39m
                [36m&lt;/div&gt;[39m
                [36m&lt;div[39m
                  [33mclass[39m=[32m&quot;protobooth-annotation-item__content&quot;[39m
                [36m&gt;[39m
                  [36m&lt;p&gt;[39m
                    [0mPlease change this button color[0m
                  [36m&lt;/p&gt;[39m
                [36m&lt;/div&gt;[39m
                [36m&lt;div[39m
                  [33mclass[39m=[32m&quot;protobooth-annotation-item__position&quot;[39m
                [36m&gt;[39m
                  [0mPosition: x=[0m
                  [0m100[0m
                  [0m, y=[0m
                  [0m200[0m
                [36m&lt;/div&gt;[39m
                [36m&lt;div[39m
                  [33mclass[39m=[32m&quot;protobooth-annotation-item__actions&quot;[39m
                [36m&gt;[39m
                  [36m&lt;button[39m
                    [33mclass[39m=[32m&quot;protobooth-button protobooth-button--secondary protobooth-button--small&quot;[39m
                  [36m&gt;[39m
                    [0mStart Working[0m
                  [36m&lt;/button&gt;[39m
                  [36m&lt;button[39m
                    [33mclass[39m=[32m&quot;protobooth-button protobooth-button--primary protobooth-button--small&quot;[39m
                    [33mdata-testid[39m=[32m&quot;mark-as-resolved-button&quot;[39m
                  [36m&gt;[39m
                    [0mMark as Resolved[0m
                  [36m&lt;/button&gt;[39m
                [36m&lt;/div&gt;[39m
                [36m&lt;div[39m
                  [33mclass[39m=[32m&quot;protobooth-annotation-item__timestamp&quot;[39m
                [36m&gt;[39m
                  [0m2025-09-29T11:03:04.761Z[0m
                [36m&lt;/div&gt;[39m
              [36m&lt;/div&gt;[39m
              [36m&lt;div[39m
                [33mclass[39m=[32m&quot;protobooth-annotation-item protobooth-annotation-item--high-priority&quot;[39m
              [36m&gt;[39m
                [36m&lt;div[39m
                  [33mclass[39m=[32m&quot;protobooth-annotation-item__header&quot;[39m
                [36m&gt;[39m
                  [36m&lt;div[39m
                    [33mclass[39m=[32m&quot;protobooth-annotation-item__meta&quot;[39m
                  [36m&gt;[39m
                    [36m&lt;span[39m
                      [33mclass[39m=[32m&quot;protobooth-annotation-item__route&quot;[39m
                    [36m&gt;[39m
                      [0m/user/123[0m
                    [36m&lt;/span&gt;[39m
                    [36m&lt;span[39m
                      [33mclass[39m=[32m&quot;protobooth-annotation-item__viewport&quot;[39m
                    [36m&gt;[39m
                      [0mmobile[0m
                    [36m&lt;/span&gt;[39m
                    [36m&lt;span[39m
                      [33mclass[39m=[32m&quot;protobooth-annotation-item__priority protobooth-annotation-item__priority--high&quot;[39m
                    [36m&gt;[39m
                      [0mhigh[0m
                      [0m priority[0m
                    [36m&lt;/span&gt;[39m
                  [36m&lt;/div&gt;[39m
                  [36m&lt;span[39m
                    [33mclass[39m=[32m&quot;protobooth-status-badge protobooth-status-badge--pending&quot;[39m
                  [36m&gt;[39m
                    [0mPending[0m
                  [36m&lt;/span&gt;[39m
                [36m&lt;/div&gt;[39m
                [36m&lt;div[39m
                  [33mclass[39m=[32m&quot;protobooth-annotation-item__content&quot;[39m
                [36m&gt;[39m
                  [36m&lt;p&gt;[39m
                    [0mUsername should be larger[0m
                  [36m&lt;/p&gt;[39m
                [36m&lt;/div&gt;[39m
                [36m&lt;div[39m
                  [33mclass[39m=[32m&quot;protobooth-annotation-item__position&quot;[39m
                [36m&gt;[39m
                  [0mPosition: x=[0m
                  [0m50[0m
                  [0m, y=[0m
                  [0m150[0m
                [36m&lt;/div&gt;[39m
                [36m&lt;div[39m
                  [33mclass[39m=[32m&quot;protobooth-annotation-item__actions&quot;[39m
                [36m&gt;[39m
                  [36m&lt;button[39m
                    [33mclass[39m=[32m&quot;protobooth-button protobooth-button--secondary protobooth-button--small&quot;[39m
                  [36m&gt;[39m
                    [0mStart Working[0m
                  [36m&lt;/button&gt;[39m
                  [36m&lt;button[39m
                    [33mclass[39m=[32m&quot;protobooth-button protobooth-button--primary protobooth-button--small&quot;[39m
                    [33mdata-testid[39m=[32m&quot;mark-as-resolved-button&quot;[39m
                  [36m&gt;[39m
                    [0mMark as Resolved[0m
                  [36m&lt;/button&gt;[39m
                [36m&lt;/div&gt;[39m
                [36m&lt;div[39m
                  [33mclass[39m=[32m&quot;protobooth-annotation-item__timestamp&quot;[39m
                [36m&gt;[39m
                  [0m2025-09-29T11:03:04.761Z[0m
                [36m&lt;/div&gt;[39m
              [36m&lt;/div&gt;[39m
            [36m&lt;/div&gt;[39m
          [36m&lt;/div&gt;[39m
          [36m&lt;div[39m
            [33mclass[39m=[32m&quot;protobooth-resolve__actions&quot;[39m
          [36m&gt;[39m
            [36m&lt;button[39m
              [33mclass[39m=[32m&quot;protobooth-button protobooth-button--primary protobooth-button--medium&quot;[39m
              [33mdata-testid[39m=[32m&quot;start-new-review-cycle-button&quot;[39m
            [36m&gt;[39m
              [0mStart New Review Cycle[0m
            [36m&lt;/button&gt;[39m
          [36m&lt;/div&gt;[39m
        [36m&lt;/div&gt;[39m
      [36m&lt;/div&gt;[39m
    [36m&lt;/div&gt;[39m
  [36m&lt;/div&gt;[39m
[36m&lt;/body&gt;[39m

Ignored nodes: comments, script, style
[36m&lt;html&gt;[39m
  [36m&lt;head /&gt;[39m
  [36m&lt;body&gt;[39m
    [36m&lt;div&gt;[39m
      [36m&lt;div[39m
        [33mclass[39m=[32m&quot;protobooth-layout protobooth-protobooth-resolve protobooth-resolve&quot;[39m
        [33mdata-testid[39m=[32m&quot;resolve-app&quot;[39m
        [33mid[39m=[32m&quot;protobooth-resolve&quot;[39m
      [36m&gt;[39m
        [36m&lt;div[39m
          [33mclass[39m=[32m&quot;protobooth-resolve__header&quot;[39m
        [36m&gt;[39m
          [36m&lt;h1&gt;[39m
            [0mprotobooth Development Interface[0m
          [36m&lt;/h1&gt;[39m
          [36m&lt;span[39m
            [33mclass[39m=[32m&quot;protobooth-status-badge protobooth-status-badge--submitted&quot;[39m
          [36m&gt;[39m
            [0mSubmitted For Development[0m
          [36m&lt;/span&gt;[39m
        [36m&lt;/div&gt;[39m
        [36m&lt;div[39m
          [33mclass[39m=[32m&quot;protobooth-resolve__content&quot;[39m
        [36m&gt;[39m
          [36m&lt;div[39m
            [33mclass[39m=[32m&quot;protobooth-resolve__submitted&quot;[39m
            [33mdata-testid[39m=[32m&quot;workflow-submitted-for-development&quot;[39m
          [36m&gt;[39m
            [36m&lt;h2&gt;[39m
              [0mSubmitted For Development[0m
            [36m&lt;/h2&gt;[39m
            [36m&lt;p[39m
              [33mdata-testid[39m=[32m&quot;annotations-count&quot;[39m
            [36m&gt;[39m
              [0m2[0m
              [0m annotations ready for resolution.[0m
            [36m&lt;/p&gt;[39m
            [36m&lt;div[39m
              [33mclass[39m=[32m&quot;protobooth-progress-bar protobooth-resolve__progress-bar&quot;[39m
            [36m&gt;[39m
              [36m&lt;div[39m
                [33mclass[39m=[32m&quot;protobooth-progress-bar__label&quot;[39m
              [36m&gt;[39m
                [0m0 of 2 annotations resolved[0m
                [36m&lt;span[39m
                  [33mclass[39m=[32m&quot;protobooth-progress-bar__percentage&quot;[39m
                [36m&gt;[39m
                  [0m0[0m
                  [0m%[0m
                [36m&lt;/span&gt;[39m
              [36m&lt;/div&gt;[39m
              [36m&lt;div[39m
                [33mclass[39m=[32m&quot;protobooth-progress-bar__track&quot;[39m
              [36m&gt;[39m
                [36m&lt;div[39m
                  [33mclass[39m=[32m&quot;protobooth-progress-bar__fill&quot;[39m
                  [33mstyle[39m=[32m&quot;width: 0%;&quot;[39m
                [36m/&gt;[39m
              [36m&lt;/div&gt;[39m
            [36m&lt;/div&gt;[39m
            [36m&lt;div[39m
              [33mclass[39m=[32m&quot;protobooth-annotation-list&quot;[39m
              [33mdata-testid[39m=[32m&quot;annotation-list&quot;[39m
            [36m&gt;[39m
              [36m&lt;div[39m
                [33mclass[39m=[32m&quot;protobooth-annotation-group&quot;[39m
              [36m&gt;[39m
                [36m&lt;h3&gt;[39m
                  [0mPending ([0m
                  [0m2[0m
                  [0m)[0m
                [36m&lt;/h3&gt;[39m
                [36m&lt;div[39m
                  [33mclass[39m=[32m&quot;protobooth-annotation-item protobooth-annotation-item--medium-priority&quot;[39m
                [36m&gt;[39m
                  [36m&lt;div[39m
                    [33mclass[39m=[32m&quot;protobooth-annotation-item__header&quot;[39m
                  [36m&gt;[39m
                    [36m&lt;div[39m
                      [33mclass[39m=[32m&quot;protobooth-annotation-item__meta&quot;[39m
                    [36m&gt;[39m
                      [36m&lt;span[39m
                        [33mclass[39m=[32m&quot;protobooth-annotation-item__route&quot;[39m
                      [36m&gt;[39m
                        [0m/[0m
                      [36m&lt;/span&gt;[39m
                      [36m&lt;span[39m
                        [33mclass[39m=[32m&quot;protobooth-annotation-item__viewport&quot;[39m
                      [36m&gt;[39m
                        [0mdesktop[0m
                      [36m&lt;/span&gt;[39m
                      [36m&lt;span[39m
                        [33mclass[39m=[32m&quot;protobooth-annotation-item__priority protobooth-annotation-item__priority--medium&quot;[39m
                      [36m&gt;[39m
                        [0mmedium[0m
                        [0m priority[0m
                      [36m&lt;/span&gt;[39m
                    [36m&lt;/div&gt;[39m
                    [36m&lt;span[39m
                      [33mclass[39m=[32m&quot;protobooth-status-badge protobooth-status-badge--pending&quot;[39m
                    [36m&gt;[39m
                      [0mPending[0m
                    [36m&lt;/span&gt;[39m
                  [36m&lt;/div&gt;[39m
                  [36m&lt;div[39m
                    [33mclass[39m=[32m&quot;protobooth-annotation-item__content&quot;[39m
                  [36m&gt;[39m
                    [36m&lt;p&gt;[39m
                      [0mPlease change this button color[0m
                    [36m&lt;/p&gt;[39m
                  [36m&lt;/div&gt;[39m
                  [36m&lt;div[39m
                    [33mclass[39m=[32m&quot;protobooth-annotation-item__position&quot;[39m
                  [36m&gt;[39m
                    [0mPosition: x=[0m
                    [0m100[0m
                    [0m, y=[0m
                    [0m200[0m
                  [36m&lt;/div&gt;[39m
                  [36m&lt;div[39m
                    [33mclass[39m=[32m&quot;protobooth-annotation-item__actions&quot;[39m
                  [36m&gt;[39m
                    [36m&lt;button[39m
                      [33mclass[39m=[32m&quot;protobooth-button protobooth-button--secondary protobooth-button--small&quot;[39m
                    [36m&gt;[39m
                      [0mStart Working[0m
                    [36m&lt;/button&gt;[39m
                    [36m&lt;button[39m
                      [33mclass[39m=[32m&quot;protobooth-button protobooth-button--primary protobooth-button--small&quot;[39m
                      [33mdata-testid[39m=[32m&quot;mark-as-resolved-button&quot;[39m
                    [36m&gt;[39m
                      [0mMark as Resolved[0m
                    [36m&lt;/button&gt;[39m
                  [36m&lt;/div&gt;[39m
                  [36m&lt;div[39m
                    [33mclass[39m=[32m&quot;protobooth-annotation-item__timestamp&quot;[39m
                  [36m&gt;[39m
                    [0m2025-09-29T11:03:04.761Z[0m
                  [36m&lt;/div&gt;[39m
                [36m&lt;/div&gt;[39m
                [36m&lt;div[39m
                  [33mclass[39m=[32m&quot;protobooth-annotation-item protobooth-annotation-item--high-priority&quot;[39m
                [36m&gt;[39m
                  [36m&lt;div[39m
                    [33mclass[39m=[32m&quot;protobooth-annotation-item__header&quot;[39m
                  [36m&gt;[39m
                    [36m&lt;div[39m
                      [33mclass[39m=[32m&quot;protobooth-annotation-item__meta&quot;[39m
                    [36m&gt;[39m
                      [36m&lt;span[39m
                        [33mclass[39m=[32m&quot;protobooth-annotation-item__route&quot;[39m
                      [36m&gt;[39m
                        [0m/user/123[0m
                      [36m&lt;/span&gt;[39m
                      [36m&lt;span[39m
                        [33mclass[39m=[32m&quot;protobooth-annotation-item__viewport&quot;[39m
                      [36m&gt;[39m
                        [0mmobile[0m
                      [36m&lt;/span&gt;[39m
                      [36m&lt;span[39m
                        [33mclass[39m=[32m&quot;protobooth-annotation-item__priority protobooth-annotation-item__priority--high&quot;[39m
                      [36m&gt;[39m
                        [0mhigh[0m
                        [0m priority[0m
                      [36m&lt;/span&gt;[39m
                    [36m&lt;/div&gt;[39m
                    [36m&lt;span[39m
                      [33mclass[39m=[32m&quot;protobooth-status-badge protobooth-status-badge--pending&quot;[39m
                    [36m&gt;[39m
                      [0mPending[0m
                    [36m&lt;/span&gt;[39m
                  [36m&lt;/div&gt;[39m
                  [36m&lt;div[39m
                    [33mclass[39m=[32m&quot;protobooth-annotation-item__content&quot;[39m
                  [36m&gt;[39m
                    [36m&lt;p&gt;[39m
                      [0mUsername should be larger[0m
                    [36m&lt;/p&gt;[39m
                  [36m&lt;/div&gt;[39m
                  [36m&lt;div[39m
                    [33mclass[39m=[32m&quot;protobooth-annotation-item__position&quot;[39m
                  [36m&gt;[39m
                    [0mPosition: x=[0m
                    [0m50[0m
                    [0m, y=[0m
                    [0m150[0m
                  [36m&lt;/div&gt;[39m
                  [36m&lt;div[39m
                    [33mclass[39m=[32m&quot;protobooth-annotation-item__actions&quot;[39m
                  [36m&gt;[39m
                    [36m&lt;button[39m
                      [33mclass[39m=[32m&quot;protobooth-button protobooth-button--secondary protobooth-button--small&quot;[39m
                    [36m&gt;[39m
                      [0mStart Working[0m
                    [36m&lt;/button&gt;[39m
                    [36m&lt;button[39m
                      [33mclass[39m=[32m&quot;protobooth-button protobooth-button--primary protobooth-button--small&quot;[39m
                      [33mdata-testid[39m=[32m&quot;mark-as-resolved-button&quot;[39m
                    [36m&gt;[39m
                      [0mMark as Resolved[0m
                    [36m&lt;/button&gt;[39m
                  [36m&lt;/div&gt;[39m
                  [36m&lt;div[39m
                    [33mclass[39m=[32m&quot;protobooth-annotation-item__timestamp&quot;[39m
                  [36m&gt;[39m
                    [0m2025-09-29T11:03:04.761Z[0m
                  [36m&lt;/div&gt;[39m
                [36m&lt;/div&gt;[39m
              [36m&lt;/div&gt;[39m
            [36m&lt;/div&gt;[39m
            [36m&lt;div[39m
              [33mclass[39m=[32m&quot;protobooth-resolve__actions&quot;[39m
            [36m&gt;[39m
              [36m&lt;button[39m
                [33mclass[39m=[32m&quot;protobooth-button protobooth-button--primary protobooth-button--medium&quot;[39m
                [33mdata-testid[39m=[32m&quot;start-new-review-cycle-button&quot;[39m
              [36m&gt;[39m
                [0mStart New Review Cycle[0m
              [36m&lt;/button&gt;[39m
            [36m&lt;/div&gt;[39m
          [36m&lt;/div&gt;[39m
        [36m&lt;/div&gt;[39m
      [36m&lt;/div&gt;[39m
    [36m&lt;/div&gt;[39m
  [36m&lt;/body&gt;[39m
[36m&lt;/html&gt;[39m" type="TestingLibraryElementError">
TestingLibraryElementError: Found multiple elements with the text: /Submitted For Development/i

Here are the matching elements:

Ignored nodes: comments, script, style
&lt;span
  class=&quot;protobooth-status-badge protobooth-status-badge--submitted&quot;
&gt;
  Submitted For Development
&lt;/span&gt;

Ignored nodes: comments, script, style
&lt;h2&gt;
  Submitted For Development
&lt;/h2&gt;

(If this is intentional, then use the `*AllBy*` variant of the query (like `queryAllByText`, `getAllByText`, or `findAllByText`)).

Ignored nodes: comments, script, style
&lt;body&gt;
  &lt;div&gt;
    &lt;div
      class=&quot;protobooth-layout protobooth-protobooth-resolve protobooth-resolve&quot;
      data-testid=&quot;resolve-app&quot;
      id=&quot;protobooth-resolve&quot;
    &gt;
      &lt;div
        class=&quot;protobooth-resolve__header&quot;
      &gt;
        &lt;h1&gt;
          protobooth Development Interface
        &lt;/h1&gt;
        &lt;span
          class=&quot;protobooth-status-badge protobooth-status-badge--submitted&quot;
        &gt;
          Submitted For Development
        &lt;/span&gt;
      &lt;/div&gt;
      &lt;div
        class=&quot;protobooth-resolve__content&quot;
      &gt;
        &lt;div
          class=&quot;protobooth-resolve__submitted&quot;
          data-testid=&quot;workflow-submitted-for-development&quot;
        &gt;
          &lt;h2&gt;
            Submitted For Development
          &lt;/h2&gt;
          &lt;p
            data-testid=&quot;annotations-count&quot;
          &gt;
            2
             annotations ready for resolution.
          &lt;/p&gt;
          &lt;div
            class=&quot;protobooth-progress-bar protobooth-resolve__progress-bar&quot;
          &gt;
            &lt;div
              class=&quot;protobooth-progress-bar__label&quot;
            &gt;
              0 of 2 annotations resolved
              &lt;span
                class=&quot;protobooth-progress-bar__percentage&quot;
              &gt;
                0
                %
              &lt;/span&gt;
            &lt;/div&gt;
            &lt;div
              class=&quot;protobooth-progress-bar__track&quot;
            &gt;
              &lt;div
                class=&quot;protobooth-progress-bar__fill&quot;
                style=&quot;width: 0%;&quot;
              /&gt;
            &lt;/div&gt;
          &lt;/div&gt;
          &lt;div
            class=&quot;protobooth-annotation-list&quot;
            data-testid=&quot;annotation-list&quot;
          &gt;
            &lt;div
              class=&quot;protobooth-annotation-group&quot;
            &gt;
              &lt;h3&gt;
                Pending (
                2
                )
              &lt;/h3&gt;
              &lt;div
                class=&quot;protobooth-annotation-item protobooth-annotation-item--medium-priority&quot;
              &gt;
                &lt;div
                  class=&quot;protobooth-annotation-item__header&quot;
                &gt;
                  &lt;div
                    class=&quot;protobooth-annotation-item__meta&quot;
                  &gt;
                    &lt;span
                      class=&quot;protobooth-annotation-item__route&quot;
                    &gt;
                      /
                    &lt;/span&gt;
                    &lt;span
                      class=&quot;protobooth-annotation-item__viewport&quot;
                    &gt;
                      desktop
                    &lt;/span&gt;
                    &lt;span
                      class=&quot;protobooth-annotation-item__priority protobooth-annotation-item__priority--medium&quot;
                    &gt;
                      medium
                       priority
                    &lt;/span&gt;
                  &lt;/div&gt;
                  &lt;span
                    class=&quot;protobooth-status-badge protobooth-status-badge--pending&quot;
                  &gt;
                    Pending
                  &lt;/span&gt;
                &lt;/div&gt;
                &lt;div
                  class=&quot;protobooth-annotation-item__content&quot;
                &gt;
                  &lt;p&gt;
                    Please change this button color
                  &lt;/p&gt;
                &lt;/div&gt;
                &lt;div
                  class=&quot;protobooth-annotation-item__position&quot;
                &gt;
                  Position: x=
                  100
                  , y=
                  200
                &lt;/div&gt;
                &lt;div
                  class=&quot;protobooth-annotation-item__actions&quot;
                &gt;
                  &lt;button
                    class=&quot;protobooth-button protobooth-button--secondary protobooth-button--small&quot;
                  &gt;
                    Start Working
                  &lt;/button&gt;
                  &lt;button
                    class=&quot;protobooth-button protobooth-button--primary protobooth-button--small&quot;
                    data-testid=&quot;mark-as-resolved-button&quot;
                  &gt;
                    Mark as Resolved
                  &lt;/button&gt;
                &lt;/div&gt;
                &lt;div
                  class=&quot;protobooth-annotation-item__timestamp&quot;
                &gt;
                  2025-09-29T11:03:04.761Z
                &lt;/div&gt;
              &lt;/div&gt;
              &lt;div
                class=&quot;protobooth-annotation-item protobooth-annotation-item--high-priority&quot;
              &gt;
                &lt;div
                  class=&quot;protobooth-annotation-item__header&quot;
                &gt;
                  &lt;div
                    class=&quot;protobooth-annotation-item__meta&quot;
                  &gt;
                    &lt;span
                      class=&quot;protobooth-annotation-item__route&quot;
                    &gt;
                      /user/123
                    &lt;/span&gt;
                    &lt;span
                      class=&quot;protobooth-annotation-item__viewport&quot;
                    &gt;
                      mobile
                    &lt;/span&gt;
                    &lt;span
                      class=&quot;protobooth-annotation-item__priority protobooth-annotation-item__priority--high&quot;
                    &gt;
                      high
                       priority
                    &lt;/span&gt;
                  &lt;/div&gt;
                  &lt;span
                    class=&quot;protobooth-status-badge protobooth-status-badge--pending&quot;
                  &gt;
                    Pending
                  &lt;/span&gt;
                &lt;/div&gt;
                &lt;div
                  class=&quot;protobooth-annotation-item__content&quot;
                &gt;
                  &lt;p&gt;
                    Username should be larger
                  &lt;/p&gt;
                &lt;/div&gt;
                &lt;div
                  class=&quot;protobooth-annotation-item__position&quot;
                &gt;
                  Position: x=
                  50
                  , y=
                  150
                &lt;/div&gt;
                &lt;div
                  class=&quot;protobooth-annotation-item__actions&quot;
                &gt;
                  &lt;button
                    class=&quot;protobooth-button protobooth-button--secondary protobooth-button--small&quot;
                  &gt;
                    Start Working
                  &lt;/button&gt;
                  &lt;button
                    class=&quot;protobooth-button protobooth-button--primary protobooth-button--small&quot;
                    data-testid=&quot;mark-as-resolved-button&quot;
                  &gt;
                    Mark as Resolved
                  &lt;/button&gt;
                &lt;/div&gt;
                &lt;div
                  class=&quot;protobooth-annotation-item__timestamp&quot;
                &gt;
                  2025-09-29T11:03:04.761Z
                &lt;/div&gt;
              &lt;/div&gt;
            &lt;/div&gt;
          &lt;/div&gt;
          &lt;div
            class=&quot;protobooth-resolve__actions&quot;
          &gt;
            &lt;button
              class=&quot;protobooth-button protobooth-button--primary protobooth-button--medium&quot;
              data-testid=&quot;start-new-review-cycle-button&quot;
            &gt;
              Start New Review Cycle
            &lt;/button&gt;
          &lt;/div&gt;
        &lt;/div&gt;
      &lt;/div&gt;
    &lt;/div&gt;
  &lt;/div&gt;
&lt;/body&gt;

Ignored nodes: comments, script, style
&lt;html&gt;
  &lt;head /&gt;
  &lt;body&gt;
    &lt;div&gt;
      &lt;div
        class=&quot;protobooth-layout protobooth-protobooth-resolve protobooth-resolve&quot;
        data-testid=&quot;resolve-app&quot;
        id=&quot;protobooth-resolve&quot;
      &gt;
        &lt;div
          class=&quot;protobooth-resolve__header&quot;
        &gt;
          &lt;h1&gt;
            protobooth Development Interface
          &lt;/h1&gt;
          &lt;span
            class=&quot;protobooth-status-badge protobooth-status-badge--submitted&quot;
          &gt;
            Submitted For Development
          &lt;/span&gt;
        &lt;/div&gt;
        &lt;div
          class=&quot;protobooth-resolve__content&quot;
        &gt;
          &lt;div
            class=&quot;protobooth-resolve__submitted&quot;
            data-testid=&quot;workflow-submitted-for-development&quot;
          &gt;
            &lt;h2&gt;
              Submitted For Development
            &lt;/h2&gt;
            &lt;p
              data-testid=&quot;annotations-count&quot;
            &gt;
              2
               annotations ready for resolution.
            &lt;/p&gt;
            &lt;div
              class=&quot;protobooth-progress-bar protobooth-resolve__progress-bar&quot;
            &gt;
              &lt;div
                class=&quot;protobooth-progress-bar__label&quot;
              &gt;
                0 of 2 annotations resolved
                &lt;span
                  class=&quot;protobooth-progress-bar__percentage&quot;
                &gt;
                  0
                  %
                &lt;/span&gt;
              &lt;/div&gt;
              &lt;div
                class=&quot;protobooth-progress-bar__track&quot;
              &gt;
                &lt;div
                  class=&quot;protobooth-progress-bar__fill&quot;
                  style=&quot;width: 0%;&quot;
                /&gt;
              &lt;/div&gt;
            &lt;/div&gt;
            &lt;div
              class=&quot;protobooth-annotation-list&quot;
              data-testid=&quot;annotation-list&quot;
            &gt;
              &lt;div
                class=&quot;protobooth-annotation-group&quot;
              &gt;
                &lt;h3&gt;
                  Pending (
                  2
                  )
                &lt;/h3&gt;
                &lt;div
                  class=&quot;protobooth-annotation-item protobooth-annotation-item--medium-priority&quot;
                &gt;
                  &lt;div
                    class=&quot;protobooth-annotation-item__header&quot;
                  &gt;
                    &lt;div
                      class=&quot;protobooth-annotation-item__meta&quot;
                    &gt;
                      &lt;span
                        class=&quot;protobooth-annotation-item__route&quot;
                      &gt;
                        /
                      &lt;/span&gt;
                      &lt;span
                        class=&quot;protobooth-annotation-item__viewport&quot;
                      &gt;
                        desktop
                      &lt;/span&gt;
                      &lt;span
                        class=&quot;protobooth-annotation-item__priority protobooth-annotation-item__priority--medium&quot;
                      &gt;
                        medium
                         priority
                      &lt;/span&gt;
                    &lt;/div&gt;
                    &lt;span
                      class=&quot;protobooth-status-badge protobooth-status-badge--pending&quot;
                    &gt;
                      Pending
                    &lt;/span&gt;
                  &lt;/div&gt;
                  &lt;div
                    class=&quot;protobooth-annotation-item__content&quot;
                  &gt;
                    &lt;p&gt;
                      Please change this button color
                    &lt;/p&gt;
                  &lt;/div&gt;
                  &lt;div
                    class=&quot;protobooth-annotation-item__position&quot;
                  &gt;
                    Position: x=
                    100
                    , y=
                    200
                  &lt;/div&gt;
                  &lt;div
                    class=&quot;protobooth-annotation-item__actions&quot;
                  &gt;
                    &lt;button
                      class=&quot;protobooth-button protobooth-button--secondary protobooth-button--small&quot;
                    &gt;
                      Start Working
                    &lt;/button&gt;
                    &lt;button
                      class=&quot;protobooth-button protobooth-button--primary protobooth-button--small&quot;
                      data-testid=&quot;mark-as-resolved-button&quot;
                    &gt;
                      Mark as Resolved
                    &lt;/button&gt;
                  &lt;/div&gt;
                  &lt;div
                    class=&quot;protobooth-annotation-item__timestamp&quot;
                  &gt;
                    2025-09-29T11:03:04.761Z
                  &lt;/div&gt;
                &lt;/div&gt;
                &lt;div
                  class=&quot;protobooth-annotation-item protobooth-annotation-item--high-priority&quot;
                &gt;
                  &lt;div
                    class=&quot;protobooth-annotation-item__header&quot;
                  &gt;
                    &lt;div
                      class=&quot;protobooth-annotation-item__meta&quot;
                    &gt;
                      &lt;span
                        class=&quot;protobooth-annotation-item__route&quot;
                      &gt;
                        /user/123
                      &lt;/span&gt;
                      &lt;span
                        class=&quot;protobooth-annotation-item__viewport&quot;
                      &gt;
                        mobile
                      &lt;/span&gt;
                      &lt;span
                        class=&quot;protobooth-annotation-item__priority protobooth-annotation-item__priority--high&quot;
                      &gt;
                        high
                         priority
                      &lt;/span&gt;
                    &lt;/div&gt;
                    &lt;span
                      class=&quot;protobooth-status-badge protobooth-status-badge--pending&quot;
                    &gt;
                      Pending
                    &lt;/span&gt;
                  &lt;/div&gt;
                  &lt;div
                    class=&quot;protobooth-annotation-item__content&quot;
                  &gt;
                    &lt;p&gt;
                      Username should be larger
                    &lt;/p&gt;
                  &lt;/div&gt;
                  &lt;div
                    class=&quot;protobooth-annotation-item__position&quot;
                  &gt;
                    Position: x=
                    50
                    , y=
                    150
                  &lt;/div&gt;
                  &lt;div
                    class=&quot;protobooth-annotation-item__actions&quot;
                  &gt;
                    &lt;button
                      class=&quot;protobooth-button protobooth-button--secondary protobooth-button--small&quot;
                    &gt;
                      Start Working
                    &lt;/button&gt;
                    &lt;button
                      class=&quot;protobooth-button protobooth-button--primary protobooth-button--small&quot;
                      data-testid=&quot;mark-as-resolved-button&quot;
                    &gt;
                      Mark as Resolved
                    &lt;/button&gt;
                  &lt;/div&gt;
                  &lt;div
                    class=&quot;protobooth-annotation-item__timestamp&quot;
                  &gt;
                    2025-09-29T11:03:04.761Z
                  &lt;/div&gt;
                &lt;/div&gt;
              &lt;/div&gt;
            &lt;/div&gt;
            &lt;div
              class=&quot;protobooth-resolve__actions&quot;
            &gt;
              &lt;button
                class=&quot;protobooth-button protobooth-button--primary protobooth-button--medium&quot;
                data-testid=&quot;start-new-review-cycle-button&quot;
              &gt;
                Start New Review Cycle
              &lt;/button&gt;
            &lt;/div&gt;
          &lt;/div&gt;
        &lt;/div&gt;
      &lt;/div&gt;
    &lt;/div&gt;
  &lt;/body&gt;
&lt;/html&gt;
 ❯ Proxy.waitForWrapper node_modules/@testing-library/dom/dist/wait-for.js:163:27
 ❯ tests/integration/development-ui-workflow.test.tsx:251:13
            </failure>
        </testcase>
        <testcase classname="tests/integration/development-ui-workflow.test.tsx" name="Development UI Workflow Integration &gt; Request Review Workflow &gt; should validate project configuration before requesting review" time="1.066">
            <failure message="Found multiple elements with the text: /please configure fixtures/i

Here are the matching elements:

Ignored nodes: comments, script, style
[36m&lt;p[39m
  [33mclass[39m=[32m&quot;protobooth-error-message__message&quot;[39m
  [33mdata-testid[39m=[32m&quot;configuration-error-message&quot;[39m
[36m&gt;[39m
  [0mPlease configure fixtures before requesting review[0m
[36m&lt;/p&gt;[39m

Ignored nodes: comments, script, style
[36m&lt;li[39m
  [33mclass[39m=[32m&quot;protobooth-error-message__detail&quot;[39m
[36m&gt;[39m
  [0mMissing protobooth.config.json - please configure fixtures[0m
[36m&lt;/li&gt;[39m

(If this is intentional, then use the `*AllBy*` variant of the query (like `queryAllByText`, `getAllByText`, or `findAllByText`)).

Ignored nodes: comments, script, style
[36m&lt;body&gt;[39m
  [36m&lt;div&gt;[39m
    [36m&lt;div[39m
      [33mclass[39m=[32m&quot;protobooth-layout protobooth-protobooth-resolve protobooth-resolve&quot;[39m
      [33mdata-testid[39m=[32m&quot;resolve-app&quot;[39m
      [33mid[39m=[32m&quot;protobooth-resolve&quot;[39m
    [36m&gt;[39m
      [36m&lt;div[39m
        [33mclass[39m=[32m&quot;protobooth-resolve__header&quot;[39m
      [36m&gt;[39m
        [36m&lt;h1&gt;[39m
          [0mprotobooth Development Interface[0m
        [36m&lt;/h1&gt;[39m
        [36m&lt;span[39m
          [33mclass[39m=[32m&quot;protobooth-status-badge protobooth-status-badge--development&quot;[39m
        [36m&gt;[39m
          [0mIn Development[0m
        [36m&lt;/span&gt;[39m
      [36m&lt;/div&gt;[39m
      [36m&lt;div[39m
        [33mclass[39m=[32m&quot;protobooth-resolve__content&quot;[39m
      [36m&gt;[39m
        [36m&lt;div[39m
          [33mclass[39m=[32m&quot;protobooth-resolve__development&quot;[39m
          [33mdata-testid[39m=[32m&quot;workflow-in-development&quot;[39m
        [36m&gt;[39m
          [36m&lt;h2&gt;[39m
            [0mIn Development[0m
          [36m&lt;/h2&gt;[39m
          [36m&lt;p&gt;[39m
            [0mReady to request client review of your prototype.[0m
          [36m&lt;/p&gt;[39m
          [36m&lt;div[39m
            [33mclass[39m=[32m&quot;protobooth-error-message&quot;[39m
            [33mdata-testid[39m=[32m&quot;configuration-error&quot;[39m
          [36m&gt;[39m
            [36m&lt;div[39m
              [33mclass[39m=[32m&quot;protobooth-error-message__header&quot;[39m
            [36m&gt;[39m
              [36m&lt;h4[39m
                [33mclass[39m=[32m&quot;protobooth-error-message__title&quot;[39m
              [36m&gt;[39m
                [0mConfiguration Required[0m
              [36m&lt;/h4&gt;[39m
            [36m&lt;/div&gt;[39m
            [36m&lt;div[39m
              [33mclass[39m=[32m&quot;protobooth-error-message__content&quot;[39m
            [36m&gt;[39m
              [36m&lt;p[39m
                [33mclass[39m=[32m&quot;protobooth-error-message__message&quot;[39m
                [33mdata-testid[39m=[32m&quot;configuration-error-message&quot;[39m
              [36m&gt;[39m
                [0mPlease configure fixtures before requesting review[0m
              [36m&lt;/p&gt;[39m
              [36m&lt;div[39m
                [33mclass[39m=[32m&quot;protobooth-error-message__details&quot;[39m
              [36m&gt;[39m
                [36m&lt;ul[39m
                  [33mclass[39m=[32m&quot;protobooth-error-message__details-list&quot;[39m
                [36m&gt;[39m
                  [36m&lt;li[39m
                    [33mclass[39m=[32m&quot;protobooth-error-message__detail&quot;[39m
                  [36m&gt;[39m
                    [0mMissing protobooth.config.json - please configure fixtures[0m
                  [36m&lt;/li&gt;[39m
                [36m&lt;/ul&gt;[39m
              [36m&lt;/div&gt;[39m
            [36m&lt;/div&gt;[39m
          [36m&lt;/div&gt;[39m
          [36m&lt;div[39m
            [33mclass[39m=[32m&quot;protobooth-resolve__actions&quot;[39m
          [36m&gt;[39m
            [36m&lt;button[39m
              [33mclass[39m=[32m&quot;protobooth-button protobooth-button--primary protobooth-button--medium protobooth-resolve__primary-button&quot;[39m
              [33mdata-testid[39m=[32m&quot;request-review-button&quot;[39m
              [33mdisabled[39m=[32m&quot;&quot;[39m
            [36m&gt;[39m
              [0mRequest Review[0m
            [36m&lt;/button&gt;[39m
          [36m&lt;/div&gt;[39m
        [36m&lt;/div&gt;[39m
      [36m&lt;/div&gt;[39m
    [36m&lt;/div&gt;[39m
  [36m&lt;/div&gt;[39m
[36m&lt;/body&gt;[39m

Ignored nodes: comments, script, style
[36m&lt;html&gt;[39m
  [36m&lt;head /&gt;[39m
  [36m&lt;body&gt;[39m
    [36m&lt;div&gt;[39m
      [36m&lt;div[39m
        [33mclass[39m=[32m&quot;protobooth-layout protobooth-protobooth-resolve protobooth-resolve&quot;[39m
        [33mdata-testid[39m=[32m&quot;resolve-app&quot;[39m
        [33mid[39m=[32m&quot;protobooth-resolve&quot;[39m
      [36m&gt;[39m
        [36m&lt;div[39m
          [33mclass[39m=[32m&quot;protobooth-resolve__header&quot;[39m
        [36m&gt;[39m
          [36m&lt;h1&gt;[39m
            [0mprotobooth Development Interface[0m
          [36m&lt;/h1&gt;[39m
          [36m&lt;span[39m
            [33mclass[39m=[32m&quot;protobooth-status-badge protobooth-status-badge--development&quot;[39m
          [36m&gt;[39m
            [0mIn Development[0m
          [36m&lt;/span&gt;[39m
        [36m&lt;/div&gt;[39m
        [36m&lt;div[39m
          [33mclass[39m=[32m&quot;protobooth-resolve__content&quot;[39m
        [36m&gt;[39m
          [36m&lt;div[39m
            [33mclass[39m=[32m&quot;protobooth-resolve__development&quot;[39m
            [33mdata-testid[39m=[32m&quot;workflow-in-development&quot;[39m
          [36m&gt;[39m
            [36m&lt;h2&gt;[39m
              [0mIn Development[0m
            [36m&lt;/h2&gt;[39m
            [36m&lt;p&gt;[39m
              [0mReady to request client review of your prototype.[0m
            [36m&lt;/p&gt;[39m
            [36m&lt;div[39m
              [33mclass[39m=[32m&quot;protobooth-error-message&quot;[39m
              [33mdata-testid[39m=[32m&quot;configuration-error&quot;[39m
            [36m&gt;[39m
              [36m&lt;div[39m
                [33mclass[39m=[32m&quot;protobooth-error-message__header&quot;[39m
              [36m&gt;[39m
                [36m&lt;h4[39m
                  [33mclass[39m=[32m&quot;protobooth-error-message__title&quot;[39m
                [36m&gt;[39m
                  [0mConfiguration Required[0m
                [36m&lt;/h4&gt;[39m
              [36m&lt;/div&gt;[39m
              [36m&lt;div[39m
                [33mclass[39m=[32m&quot;protobooth-error-message__content&quot;[39m
              [36m&gt;[39m
                [36m&lt;p[39m
                  [33mclass[39m=[32m&quot;protobooth-error-message__message&quot;[39m
                  [33mdata-testid[39m=[32m&quot;configuration-error-message&quot;[39m
                [36m&gt;[39m
                  [0mPlease configure fixtures before requesting review[0m
                [36m&lt;/p&gt;[39m
                [36m&lt;div[39m
                  [33mclass[39m=[32m&quot;protobooth-error-message__details&quot;[39m
                [36m&gt;[39m
                  [36m&lt;ul[39m
                    [33mclass[39m=[32m&quot;protobooth-error-message__details-list&quot;[39m
                  [36m&gt;[39m
                    [36m&lt;li[39m
                      [33mclass[39m=[32m&quot;protobooth-error-message__detail&quot;[39m
                    [36m&gt;[39m
                      [0mMissing protobooth.config.json - please configure fixtures[0m
                    [36m&lt;/li&gt;[39m
                  [36m&lt;/ul&gt;[39m
                [36m&lt;/div&gt;[39m
              [36m&lt;/div&gt;[39m
            [36m&lt;/div&gt;[39m
            [36m&lt;div[39m
              [33mclass[39m=[32m&quot;protobooth-resolve__actions&quot;[39m
            [36m&gt;[39m
              [36m&lt;button[39m
                [33mclass[39m=[32m&quot;protobooth-button protobooth-button--primary protobooth-button--medium protobooth-resolve__primary-button&quot;[39m
                [33mdata-testid[39m=[32m&quot;request-review-button&quot;[39m
                [33mdisabled[39m=[32m&quot;&quot;[39m
              [36m&gt;[39m
                [0mRequest Review[0m
              [36m&lt;/button&gt;[39m
            [36m&lt;/div&gt;[39m
          [36m&lt;/div&gt;[39m
        [36m&lt;/div&gt;[39m
      [36m&lt;/div&gt;[39m
    [36m&lt;/div&gt;[39m
  [36m&lt;/body&gt;[39m
[36m&lt;/html&gt;[39m" type="TestingLibraryElementError">
TestingLibraryElementError: Found multiple elements with the text: /please configure fixtures/i

Here are the matching elements:

Ignored nodes: comments, script, style
&lt;p
  class=&quot;protobooth-error-message__message&quot;
  data-testid=&quot;configuration-error-message&quot;
&gt;
  Please configure fixtures before requesting review
&lt;/p&gt;

Ignored nodes: comments, script, style
&lt;li
  class=&quot;protobooth-error-message__detail&quot;
&gt;
  Missing protobooth.config.json - please configure fixtures
&lt;/li&gt;

(If this is intentional, then use the `*AllBy*` variant of the query (like `queryAllByText`, `getAllByText`, or `findAllByText`)).

Ignored nodes: comments, script, style
&lt;body&gt;
  &lt;div&gt;
    &lt;div
      class=&quot;protobooth-layout protobooth-protobooth-resolve protobooth-resolve&quot;
      data-testid=&quot;resolve-app&quot;
      id=&quot;protobooth-resolve&quot;
    &gt;
      &lt;div
        class=&quot;protobooth-resolve__header&quot;
      &gt;
        &lt;h1&gt;
          protobooth Development Interface
        &lt;/h1&gt;
        &lt;span
          class=&quot;protobooth-status-badge protobooth-status-badge--development&quot;
        &gt;
          In Development
        &lt;/span&gt;
      &lt;/div&gt;
      &lt;div
        class=&quot;protobooth-resolve__content&quot;
      &gt;
        &lt;div
          class=&quot;protobooth-resolve__development&quot;
          data-testid=&quot;workflow-in-development&quot;
        &gt;
          &lt;h2&gt;
            In Development
          &lt;/h2&gt;
          &lt;p&gt;
            Ready to request client review of your prototype.
          &lt;/p&gt;
          &lt;div
            class=&quot;protobooth-error-message&quot;
            data-testid=&quot;configuration-error&quot;
          &gt;
            &lt;div
              class=&quot;protobooth-error-message__header&quot;
            &gt;
              &lt;h4
                class=&quot;protobooth-error-message__title&quot;
              &gt;
                Configuration Required
              &lt;/h4&gt;
            &lt;/div&gt;
            &lt;div
              class=&quot;protobooth-error-message__content&quot;
            &gt;
              &lt;p
                class=&quot;protobooth-error-message__message&quot;
                data-testid=&quot;configuration-error-message&quot;
              &gt;
                Please configure fixtures before requesting review
              &lt;/p&gt;
              &lt;div
                class=&quot;protobooth-error-message__details&quot;
              &gt;
                &lt;ul
                  class=&quot;protobooth-error-message__details-list&quot;
                &gt;
                  &lt;li
                    class=&quot;protobooth-error-message__detail&quot;
                  &gt;
                    Missing protobooth.config.json - please configure fixtures
                  &lt;/li&gt;
                &lt;/ul&gt;
              &lt;/div&gt;
            &lt;/div&gt;
          &lt;/div&gt;
          &lt;div
            class=&quot;protobooth-resolve__actions&quot;
          &gt;
            &lt;button
              class=&quot;protobooth-button protobooth-button--primary protobooth-button--medium protobooth-resolve__primary-button&quot;
              data-testid=&quot;request-review-button&quot;
              disabled=&quot;&quot;
            &gt;
              Request Review
            &lt;/button&gt;
          &lt;/div&gt;
        &lt;/div&gt;
      &lt;/div&gt;
    &lt;/div&gt;
  &lt;/div&gt;
&lt;/body&gt;

Ignored nodes: comments, script, style
&lt;html&gt;
  &lt;head /&gt;
  &lt;body&gt;
    &lt;div&gt;
      &lt;div
        class=&quot;protobooth-layout protobooth-protobooth-resolve protobooth-resolve&quot;
        data-testid=&quot;resolve-app&quot;
        id=&quot;protobooth-resolve&quot;
      &gt;
        &lt;div
          class=&quot;protobooth-resolve__header&quot;
        &gt;
          &lt;h1&gt;
            protobooth Development Interface
          &lt;/h1&gt;
          &lt;span
            class=&quot;protobooth-status-badge protobooth-status-badge--development&quot;
          &gt;
            In Development
          &lt;/span&gt;
        &lt;/div&gt;
        &lt;div
          class=&quot;protobooth-resolve__content&quot;
        &gt;
          &lt;div
            class=&quot;protobooth-resolve__development&quot;
            data-testid=&quot;workflow-in-development&quot;
          &gt;
            &lt;h2&gt;
              In Development
            &lt;/h2&gt;
            &lt;p&gt;
              Ready to request client review of your prototype.
            &lt;/p&gt;
            &lt;div
              class=&quot;protobooth-error-message&quot;
              data-testid=&quot;configuration-error&quot;
            &gt;
              &lt;div
                class=&quot;protobooth-error-message__header&quot;
              &gt;
                &lt;h4
                  class=&quot;protobooth-error-message__title&quot;
                &gt;
                  Configuration Required
                &lt;/h4&gt;
              &lt;/div&gt;
              &lt;div
                class=&quot;protobooth-error-message__content&quot;
              &gt;
                &lt;p
                  class=&quot;protobooth-error-message__message&quot;
                  data-testid=&quot;configuration-error-message&quot;
                &gt;
                  Please configure fixtures before requesting review
                &lt;/p&gt;
                &lt;div
                  class=&quot;protobooth-error-message__details&quot;
                &gt;
                  &lt;ul
                    class=&quot;protobooth-error-message__details-list&quot;
                  &gt;
                    &lt;li
                      class=&quot;protobooth-error-message__detail&quot;
                    &gt;
                      Missing protobooth.config.json - please configure fixtures
                    &lt;/li&gt;
                  &lt;/ul&gt;
                &lt;/div&gt;
              &lt;/div&gt;
            &lt;/div&gt;
            &lt;div
              class=&quot;protobooth-resolve__actions&quot;
            &gt;
              &lt;button
                class=&quot;protobooth-button protobooth-button--primary protobooth-button--medium protobooth-resolve__primary-button&quot;
                data-testid=&quot;request-review-button&quot;
                disabled=&quot;&quot;
              &gt;
                Request Review
              &lt;/button&gt;
            &lt;/div&gt;
          &lt;/div&gt;
        &lt;/div&gt;
      &lt;/div&gt;
    &lt;/div&gt;
  &lt;/body&gt;
&lt;/html&gt;
 ❯ Proxy.waitForWrapper node_modules/@testing-library/dom/dist/wait-for.js:163:27
 ❯ tests/integration/development-ui-workflow.test.tsx:273:13
            </failure>
        </testcase>
        <testcase classname="tests/integration/development-ui-workflow.test.tsx" name="Development UI Workflow Integration &gt; Request Review Workflow &gt; should show progress during screenshot capture" time="0.529">
        </testcase>
        <testcase classname="tests/integration/development-ui-workflow.test.tsx" name="Development UI Workflow Integration &gt; Request Review Workflow &gt; should generate deployment instructions after successful capture" time="1.021">
            <failure message="Unable to find an element by: [data-testid=&quot;deployment-instructions&quot;]

Ignored nodes: comments, script, style
[36m&lt;body&gt;[39m
  [36m&lt;div&gt;[39m
    [36m&lt;div[39m
      [33mclass[39m=[32m&quot;protobooth-layout protobooth-protobooth-resolve protobooth-resolve&quot;[39m
      [33mdata-testid[39m=[32m&quot;resolve-app&quot;[39m
      [33mid[39m=[32m&quot;protobooth-resolve&quot;[39m
    [36m&gt;[39m
      [36m&lt;div[39m
        [33mclass[39m=[32m&quot;protobooth-resolve__header&quot;[39m
      [36m&gt;[39m
        [36m&lt;h1&gt;[39m
          [0mprotobooth Development Interface[0m
        [36m&lt;/h1&gt;[39m
        [36m&lt;span[39m
          [33mclass[39m=[32m&quot;protobooth-status-badge protobooth-status-badge--review&quot;[39m
        [36m&gt;[39m
          [0mIn Review[0m
        [36m&lt;/span&gt;[39m
      [36m&lt;/div&gt;[39m
      [36m&lt;div[39m
        [33mclass[39m=[32m&quot;protobooth-resolve__content&quot;[39m
      [36m&gt;[39m
        [36m&lt;div[39m
          [33mclass[39m=[32m&quot;protobooth-resolve__review&quot;[39m
          [33mdata-testid[39m=[32m&quot;workflow-in-review&quot;[39m
        [36m&gt;[39m
          [36m&lt;h2&gt;[39m
            [0mIn Review[0m
          [36m&lt;/h2&gt;[39m
          [36m&lt;p&gt;[39m
            [0mWaiting for client feedback on staging server.[0m
          [36m&lt;/p&gt;[39m
          [36m&lt;div[39m
            [33mclass[39m=[32m&quot;protobooth-resolve__actions&quot;[39m
          [36m&gt;[39m
            [36m&lt;button[39m
              [33mclass[39m=[32m&quot;protobooth-button protobooth-button--primary protobooth-button--medium&quot;[39m
              [33mdata-testid[39m=[32m&quot;download-annotations-button&quot;[39m
            [36m&gt;[39m
              [0mDownload Annotations[0m
            [36m&lt;/button&gt;[39m
            [36m&lt;button[39m
              [33mclass[39m=[32m&quot;protobooth-button protobooth-button--secondary protobooth-button--medium&quot;[39m
              [33mdata-testid[39m=[32m&quot;start-new-review-button&quot;[39m
            [36m&gt;[39m
              [0mStart New Review[0m
            [36m&lt;/button&gt;[39m
          [36m&lt;/div&gt;[39m
        [36m&lt;/div&gt;[39m
      [36m&lt;/div&gt;[39m
    [36m&lt;/div&gt;[39m
  [36m&lt;/div&gt;[39m
[36m&lt;/body&gt;[39m

Ignored nodes: comments, script, style
[36m&lt;html&gt;[39m
  [36m&lt;head /&gt;[39m
  [36m&lt;body&gt;[39m
    [36m&lt;div&gt;[39m
      [36m&lt;div[39m
        [33mclass[39m=[32m&quot;protobooth-layout protobooth-protobooth-resolve protobooth-resolve&quot;[39m
        [33mdata-testid[39m=[32m&quot;resolve-app&quot;[39m
        [33mid[39m=[32m&quot;protobooth-resolve&quot;[39m
      [36m&gt;[39m
        [36m&lt;div[39m
          [33mclass[39m=[32m&quot;protobooth-resolve__header&quot;[39m
        [36m&gt;[39m
          [36m&lt;h1&gt;[39m
            [0mprotobooth Development Interface[0m
          [36m&lt;/h1&gt;[39m
          [36m&lt;span[39m
            [33mclass[39m=[32m&quot;protobooth-status-badge protobooth-status-badge--review&quot;[39m
          [36m&gt;[39m
            [0mIn Review[0m
          [36m&lt;/span&gt;[39m
        [36m&lt;/div&gt;[39m
        [36m&lt;div[39m
          [33mclass[39m=[32m&quot;protobooth-resolve__content&quot;[39m
        [36m&gt;[39m
          [36m&lt;div[39m
            [33mclass[39m=[32m&quot;protobooth-resolve__review&quot;[39m
            [33mdata-testid[39m=[32m&quot;workflow-in-review&quot;[39m
          [36m&gt;[39m
            [36m&lt;h2&gt;[39m
              [0mIn Review[0m
            [36m&lt;/h2&gt;[39m
            [36m&lt;p&gt;[39m
              [0mWaiting for client feedback on staging server.[0m
            [36m&lt;/p&gt;[39m
            [36m&lt;div[39m
              [33mclass[39m=[32m&quot;protobooth-resolve__actions&quot;[39m
            [36m&gt;[39m
              [36m&lt;button[39m
                [33mclass[39m=[32m&quot;protobooth-button protobooth-button--primary protobooth-button--medium&quot;[39m
                [33mdata-testid[39m=[32m&quot;download-annotations-button&quot;[39m
              [36m&gt;[39m
                [0mDownload Annotations[0m
              [36m&lt;/button&gt;[39m
              [36m&lt;button[39m
                [33mclass[39m=[32m&quot;protobooth-button protobooth-button--secondary protobooth-button--medium&quot;[39m
                [33mdata-testid[39m=[32m&quot;start-new-review-button&quot;[39m
              [36m&gt;[39m
                [0mStart New Review[0m
              [36m&lt;/button&gt;[39m
            [36m&lt;/div&gt;[39m
          [36m&lt;/div&gt;[39m
        [36m&lt;/div&gt;[39m
      [36m&lt;/div&gt;[39m
    [36m&lt;/div&gt;[39m
  [36m&lt;/body&gt;[39m
[36m&lt;/html&gt;[39m" type="TestingLibraryElementError">
TestingLibraryElementError: Unable to find an element by: [data-testid=&quot;deployment-instructions&quot;]

Ignored nodes: comments, script, style
&lt;body&gt;
  &lt;div&gt;
    &lt;div
      class=&quot;protobooth-layout protobooth-protobooth-resolve protobooth-resolve&quot;
      data-testid=&quot;resolve-app&quot;
      id=&quot;protobooth-resolve&quot;
    &gt;
      &lt;div
        class=&quot;protobooth-resolve__header&quot;
      &gt;
        &lt;h1&gt;
          protobooth Development Interface
        &lt;/h1&gt;
        &lt;span
          class=&quot;protobooth-status-badge protobooth-status-badge--review&quot;
        &gt;
          In Review
        &lt;/span&gt;
      &lt;/div&gt;
      &lt;div
        class=&quot;protobooth-resolve__content&quot;
      &gt;
        &lt;div
          class=&quot;protobooth-resolve__review&quot;
          data-testid=&quot;workflow-in-review&quot;
        &gt;
          &lt;h2&gt;
            In Review
          &lt;/h2&gt;
          &lt;p&gt;
            Waiting for client feedback on staging server.
          &lt;/p&gt;
          &lt;div
            class=&quot;protobooth-resolve__actions&quot;
          &gt;
            &lt;button
              class=&quot;protobooth-button protobooth-button--primary protobooth-button--medium&quot;
              data-testid=&quot;download-annotations-button&quot;
            &gt;
              Download Annotations
            &lt;/button&gt;
            &lt;button
              class=&quot;protobooth-button protobooth-button--secondary protobooth-button--medium&quot;
              data-testid=&quot;start-new-review-button&quot;
            &gt;
              Start New Review
            &lt;/button&gt;
          &lt;/div&gt;
        &lt;/div&gt;
      &lt;/div&gt;
    &lt;/div&gt;
  &lt;/div&gt;
&lt;/body&gt;

Ignored nodes: comments, script, style
&lt;html&gt;
  &lt;head /&gt;
  &lt;body&gt;
    &lt;div&gt;
      &lt;div
        class=&quot;protobooth-layout protobooth-protobooth-resolve protobooth-resolve&quot;
        data-testid=&quot;resolve-app&quot;
        id=&quot;protobooth-resolve&quot;
      &gt;
        &lt;div
          class=&quot;protobooth-resolve__header&quot;
        &gt;
          &lt;h1&gt;
            protobooth Development Interface
          &lt;/h1&gt;
          &lt;span
            class=&quot;protobooth-status-badge protobooth-status-badge--review&quot;
          &gt;
            In Review
          &lt;/span&gt;
        &lt;/div&gt;
        &lt;div
          class=&quot;protobooth-resolve__content&quot;
        &gt;
          &lt;div
            class=&quot;protobooth-resolve__review&quot;
            data-testid=&quot;workflow-in-review&quot;
          &gt;
            &lt;h2&gt;
              In Review
            &lt;/h2&gt;
            &lt;p&gt;
              Waiting for client feedback on staging server.
            &lt;/p&gt;
            &lt;div
              class=&quot;protobooth-resolve__actions&quot;
            &gt;
              &lt;button
                class=&quot;protobooth-button protobooth-button--primary protobooth-button--medium&quot;
                data-testid=&quot;download-annotations-button&quot;
              &gt;
                Download Annotations
              &lt;/button&gt;
              &lt;button
                class=&quot;protobooth-button protobooth-button--secondary protobooth-button--medium&quot;
                data-testid=&quot;start-new-review-button&quot;
              &gt;
                Start New Review
              &lt;/button&gt;
            &lt;/div&gt;
          &lt;/div&gt;
        &lt;/div&gt;
      &lt;/div&gt;
    &lt;/div&gt;
  &lt;/body&gt;
&lt;/html&gt;
 ❯ Proxy.waitForWrapper node_modules/@testing-library/dom/dist/wait-for.js:163:27
 ❯ tests/integration/development-ui-workflow.test.tsx:298:13
            </failure>
        </testcase>
        <testcase classname="tests/integration/development-ui-workflow.test.tsx" name="Development UI Workflow Integration &gt; Request Review Workflow &gt; should handle screenshot capture failures gracefully" time="0.546">
            <system-err>
Screenshot capture failed: Error: Browser connection failed
    at [90mC:\developer\protobooth\[39mtests\integration\development-ui-workflow.test.tsx:309:50
    at [90mfile:///C:/developer/protobooth/[39mnode_modules/[4m@vitest[24m/runner/dist/index.js:135:14
    at [90mfile:///C:/developer/protobooth/[39mnode_modules/[4m@vitest[24m/runner/dist/index.js:60:26
    at runTest [90m(file:///C:/developer/protobooth/[39mnode_modules/[4m@vitest[24m/runner/dist/index.js:781:17[90m)[39m
    at runSuite [90m(file:///C:/developer/protobooth/[39mnode_modules/[4m@vitest[24m/runner/dist/index.js:909:15[90m)[39m
    at runSuite [90m(file:///C:/developer/protobooth/[39mnode_modules/[4m@vitest[24m/runner/dist/index.js:909:15[90m)[39m
    at runSuite [90m(file:///C:/developer/protobooth/[39mnode_modules/[4m@vitest[24m/runner/dist/index.js:909:15[90m)[39m
    at runFiles [90m(file:///C:/developer/protobooth/[39mnode_modules/[4m@vitest[24m/runner/dist/index.js:958:5[90m)[39m
    at startTests [90m(file:///C:/developer/protobooth/[39mnode_modules/[4m@vitest[24m/runner/dist/index.js:967:3[90m)[39m
    at [90mfile:///C:/developer/protobooth/[39mnode_modules/[4mvitest[24m/dist/chunks/runtime-runBaseTests.oAvMKtQC.js:116:7
Failed to capture screenshots: Error: Browser connection failed
    at [90mC:\developer\protobooth\[39mtests\integration\development-ui-workflow.test.tsx:309:50
    at [90mfile:///C:/developer/protobooth/[39mnode_modules/[4m@vitest[24m/runner/dist/index.js:135:14
    at [90mfile:///C:/developer/protobooth/[39mnode_modules/[4m@vitest[24m/runner/dist/index.js:60:26
    at runTest [90m(file:///C:/developer/protobooth/[39mnode_modules/[4m@vitest[24m/runner/dist/index.js:781:17[90m)[39m
    at runSuite [90m(file:///C:/developer/protobooth/[39mnode_modules/[4m@vitest[24m/runner/dist/index.js:909:15[90m)[39m
    at runSuite [90m(file:///C:/developer/protobooth/[39mnode_modules/[4m@vitest[24m/runner/dist/index.js:909:15[90m)[39m
    at runSuite [90m(file:///C:/developer/protobooth/[39mnode_modules/[4m@vitest[24m/runner/dist/index.js:909:15[90m)[39m
    at runFiles [90m(file:///C:/developer/protobooth/[39mnode_modules/[4m@vitest[24m/runner/dist/index.js:958:5[90m)[39m
    at startTests [90m(file:///C:/developer/protobooth/[39mnode_modules/[4m@vitest[24m/runner/dist/index.js:967:3[90m)[39m
    at [90mfile:///C:/developer/protobooth/[39mnode_modules/[4mvitest[24m/dist/chunks/runtime-runBaseTests.oAvMKtQC.js:116:7

            </system-err>
        </testcase>
        <testcase classname="tests/integration/development-ui-workflow.test.tsx" name="Development UI Workflow Integration &gt; Annotation Download and Resolution &gt; should download annotation bundle when available" time="1.019">
            <failure message="expected &quot;spy&quot; to be called with arguments: [ StringContaining{…}, …(1) ][90m

Received: 

[1m  1st spy call:

[22m[2m  Array [[22m
[32m-   StringContaining &quot;workflow-state.json&quot;,[90m
[32m-   StringContaining &quot;\&quot;state\&quot;:\&quot;submitted-for-development\&quot;&quot;,[90m
[31m+   &quot;protobooth-workflow-state.json&quot;,[90m
[31m+   &quot;{[90m
[31m+   \&quot;state\&quot;: \&quot;submitted-for-development\&quot;,[90m
[31m+   \&quot;timestamp\&quot;: \&quot;2025-09-29T11:03:08.954Z\&quot;[90m
[31m+ }&quot;,[90m
[2m  ][22m
[39m[90m

Number of calls: [1m1[22m
[39m

Ignored nodes: comments, script, style
[36m&lt;html&gt;[39m
  [36m&lt;head /&gt;[39m
  [36m&lt;body&gt;[39m
    [36m&lt;div&gt;[39m
      [36m&lt;div[39m
        [33mclass[39m=[32m&quot;protobooth-layout protobooth-protobooth-resolve protobooth-resolve&quot;[39m
        [33mdata-testid[39m=[32m&quot;resolve-app&quot;[39m
        [33mid[39m=[32m&quot;protobooth-resolve&quot;[39m
      [36m&gt;[39m
        [36m&lt;div[39m
          [33mclass[39m=[32m&quot;protobooth-resolve__header&quot;[39m
        [36m&gt;[39m
          [36m&lt;h1&gt;[39m
            [0mprotobooth Development Interface[0m
          [36m&lt;/h1&gt;[39m
          [36m&lt;span[39m
            [33mclass[39m=[32m&quot;protobooth-status-badge protobooth-status-badge--submitted&quot;[39m
          [36m&gt;[39m
            [0mSubmitted For Development[0m
          [36m&lt;/span&gt;[39m
        [36m&lt;/div&gt;[39m
        [36m&lt;div[39m
          [33mclass[39m=[32m&quot;protobooth-resolve__content&quot;[39m
        [36m&gt;[39m
          [36m&lt;div[39m
            [33mclass[39m=[32m&quot;protobooth-resolve__submitted&quot;[39m
            [33mdata-testid[39m=[32m&quot;workflow-submitted-for-development&quot;[39m
          [36m&gt;[39m
            [36m&lt;h2&gt;[39m
              [0mSubmitted For Development[0m
            [36m&lt;/h2&gt;[39m
            [36m&lt;p[39m
              [33mdata-testid[39m=[32m&quot;annotations-count&quot;[39m
            [36m&gt;[39m
              [0m0[0m
              [0m annotations ready for resolution.[0m
            [36m&lt;/p&gt;[39m
            [36m&lt;div[39m
              [33mclass[39m=[32m&quot;protobooth-annotation-list protobooth-annotation-list--empty&quot;[39m
              [33mdata-testid[39m=[32m&quot;annotation-list&quot;[39m
            [36m&gt;[39m
              [36m&lt;p&gt;[39m
                [0mNo annotations available.[0m
              [36m&lt;/p&gt;[39m
            [36m&lt;/div&gt;[39m
            [36m&lt;div[39m
              [33mclass[39m=[32m&quot;protobooth-resolve__actions&quot;[39m
            [36m&gt;[39m
              [36m&lt;button[39m
                [33mclass[39m=[32m&quot;protobooth-button protobooth-button--primary protobooth-button--medium&quot;[39m
                [33mdata-testid[39m=[32m&quot;start-new-review-cycle-button&quot;[39m
              [36m&gt;[39m
                [0mStart New Review Cycle[0m
              [36m&lt;/button&gt;[39m
            [36m&lt;/div&gt;[39m
          [36m&lt;/div&gt;[39m
        [36m&lt;/div&gt;[39m
      [36m&lt;/div&gt;[39m
    [36m&lt;/div&gt;[39m
  [36m&lt;/body&gt;[39m
[36m&lt;/html&gt;[39m" type="AssertionError">
AssertionError: expected &quot;spy&quot; to be called with arguments: [ StringContaining{…}, …(1) ]

Received: 

  1st spy call:

  Array [
-   StringContaining &quot;workflow-state.json&quot;,
-   StringContaining &quot;\&quot;state\&quot;:\&quot;submitted-for-development\&quot;&quot;,
+   &quot;protobooth-workflow-state.json&quot;,
+   &quot;{
+   \&quot;state\&quot;: \&quot;submitted-for-development\&quot;,
+   \&quot;timestamp\&quot;: \&quot;2025-09-29T11:03:08.954Z\&quot;
+ }&quot;,
  ]


Number of calls: 1


Ignored nodes: comments, script, style
&lt;html&gt;
  &lt;head /&gt;
  &lt;body&gt;
    &lt;div&gt;
      &lt;div
        class=&quot;protobooth-layout protobooth-protobooth-resolve protobooth-resolve&quot;
        data-testid=&quot;resolve-app&quot;
        id=&quot;protobooth-resolve&quot;
      &gt;
        &lt;div
          class=&quot;protobooth-resolve__header&quot;
        &gt;
          &lt;h1&gt;
            protobooth Development Interface
          &lt;/h1&gt;
          &lt;span
            class=&quot;protobooth-status-badge protobooth-status-badge--submitted&quot;
          &gt;
            Submitted For Development
          &lt;/span&gt;
        &lt;/div&gt;
        &lt;div
          class=&quot;protobooth-resolve__content&quot;
        &gt;
          &lt;div
            class=&quot;protobooth-resolve__submitted&quot;
            data-testid=&quot;workflow-submitted-for-development&quot;
          &gt;
            &lt;h2&gt;
              Submitted For Development
            &lt;/h2&gt;
            &lt;p
              data-testid=&quot;annotations-count&quot;
            &gt;
              0
               annotations ready for resolution.
            &lt;/p&gt;
            &lt;div
              class=&quot;protobooth-annotation-list protobooth-annotation-list--empty&quot;
              data-testid=&quot;annotation-list&quot;
            &gt;
              &lt;p&gt;
                No annotations available.
              &lt;/p&gt;
            &lt;/div&gt;
            &lt;div
              class=&quot;protobooth-resolve__actions&quot;
            &gt;
              &lt;button
                class=&quot;protobooth-button protobooth-button--primary protobooth-button--medium&quot;
                data-testid=&quot;start-new-review-cycle-button&quot;
              &gt;
                Start New Review Cycle
              &lt;/button&gt;
            &lt;/div&gt;
          &lt;/div&gt;
        &lt;/div&gt;
      &lt;/div&gt;
    &lt;/div&gt;
  &lt;/body&gt;
&lt;/html&gt;
 ❯ tests/integration/development-ui-workflow.test.tsx:342:39
 ❯ runWithExpensiveErrorDiagnosticsDisabled node_modules/@testing-library/dom/dist/config.js:47:12
 ❯ checkCallback node_modules/@testing-library/dom/dist/wait-for.js:124:77
 ❯ Timeout.checkRealTimersCallback node_modules/@testing-library/dom/dist/wait-for.js:118:16
            </failure>
        </testcase>
        <testcase classname="tests/integration/development-ui-workflow.test.tsx" name="Development UI Workflow Integration &gt; Annotation Download and Resolution &gt; should display annotation details in resolution interface" time="0.013">
        </testcase>
        <testcase classname="tests/integration/development-ui-workflow.test.tsx" name="Development UI Workflow Integration &gt; Annotation Download and Resolution &gt; should allow marking annotations as resolved" time="1.02">
            <failure message="expected &quot;spy&quot; to be called with arguments: [ StringContaining{…}, …(1) ][90m

Received: 

[1m  1st spy call:

[22m[2m  Array [[22m
[32m-   StringContaining &quot;annotations.json&quot;,[90m
[32m-   StringMatching /&quot;status&quot;:&quot;resolved&quot;/,[90m
[31m+   &quot;protobooth-annotations.json&quot;,[90m
[31m+   &quot;[[90m
[31m+   {[90m
[31m+     \&quot;id\&quot;: \&quot;ann-1\&quot;,[90m
[31m+     \&quot;timestamp\&quot;: \&quot;2025-09-29T11:03:09.974Z\&quot;,[90m
[31m+     \&quot;route\&quot;: \&quot;/\&quot;,[90m
[31m+     \&quot;viewport\&quot;: \&quot;desktop\&quot;,[90m
[31m+     \&quot;position\&quot;: {[90m
[31m+       \&quot;x\&quot;: 100,[90m
[31m+       \&quot;y\&quot;: 200[90m
[31m+     },[90m
[31m+     \&quot;content\&quot;: \&quot;Fix navigation\&quot;,[90m
[31m+     \&quot;priority\&quot;: \&quot;high\&quot;,[90m
[31m+     \&quot;status\&quot;: \&quot;resolved\&quot;[90m
[31m+   }[90m
[31m+ ]&quot;,[90m
[2m  ][22m
[39m[90m

Number of calls: [1m1[22m
[39m

Ignored nodes: comments, script, style
[36m&lt;html&gt;[39m
  [36m&lt;head /&gt;[39m
  [36m&lt;body&gt;[39m
    [36m&lt;div&gt;[39m
      [36m&lt;div[39m
        [33mclass[39m=[32m&quot;protobooth-layout protobooth-protobooth-resolve protobooth-resolve&quot;[39m
        [33mdata-testid[39m=[32m&quot;resolve-app&quot;[39m
        [33mid[39m=[32m&quot;protobooth-resolve&quot;[39m
      [36m&gt;[39m
        [36m&lt;div[39m
          [33mclass[39m=[32m&quot;protobooth-resolve__header&quot;[39m
        [36m&gt;[39m
          [36m&lt;h1&gt;[39m
            [0mprotobooth Development Interface[0m
          [36m&lt;/h1&gt;[39m
          [36m&lt;span[39m
            [33mclass[39m=[32m&quot;protobooth-status-badge protobooth-status-badge--submitted&quot;[39m
          [36m&gt;[39m
            [0mSubmitted For Development[0m
          [36m&lt;/span&gt;[39m
        [36m&lt;/div&gt;[39m
        [36m&lt;div[39m
          [33mclass[39m=[32m&quot;protobooth-resolve__content&quot;[39m
        [36m&gt;[39m
          [36m&lt;div[39m
            [33mclass[39m=[32m&quot;protobooth-resolve__submitted&quot;[39m
            [33mdata-testid[39m=[32m&quot;workflow-submitted-for-development&quot;[39m
          [36m&gt;[39m
            [36m&lt;h2&gt;[39m
              [0mSubmitted For Development[0m
            [36m&lt;/h2&gt;[39m
            [36m&lt;p[39m
              [33mdata-testid[39m=[32m&quot;annotations-count&quot;[39m
            [36m&gt;[39m
              [0m1[0m
              [0m annotations ready for resolution.[0m
            [36m&lt;/p&gt;[39m
            [36m&lt;div[39m
              [33mclass[39m=[32m&quot;protobooth-progress-bar protobooth-resolve__progress-bar&quot;[39m
            [36m&gt;[39m
              [36m&lt;div[39m
                [33mclass[39m=[32m&quot;protobooth-progress-bar__label&quot;[39m
              [36m&gt;[39m
                [0m1 of 1 annotations resolved[0m
                [36m&lt;span[39m
                  [33mclass[39m=[32m&quot;protobooth-progress-bar__percentage&quot;[39m
                [36m&gt;[39m
                  [0m100[0m
                  [0m%[0m
                [36m&lt;/span&gt;[39m
              [36m&lt;/div&gt;[39m
              [36m&lt;div[39m
                [33mclass[39m=[32m&quot;protobooth-progress-bar__track&quot;[39m
              [36m&gt;[39m
                [36m&lt;div[39m
                  [33mclass[39m=[32m&quot;protobooth-progress-bar__fill&quot;[39m
                  [33mstyle[39m=[32m&quot;width: 100%;&quot;[39m
                [36m/&gt;[39m
              [36m&lt;/div&gt;[39m
            [36m&lt;/div&gt;[39m
            [36m&lt;div[39m
              [33mclass[39m=[32m&quot;protobooth-annotation-list&quot;[39m
              [33mdata-testid[39m=[32m&quot;annotation-list&quot;[39m
            [36m&gt;[39m
              [36m&lt;div[39m
                [33mclass[39m=[32m&quot;protobooth-annotation-group&quot;[39m
              [36m&gt;[39m
                [36m&lt;h3&gt;[39m
                  [0mResolved ([0m
                  [0m1[0m
                  [0m)[0m
                [36m&lt;/h3&gt;[39m
                [36m&lt;div[39m
                  [33mclass[39m=[32m&quot;protobooth-annotation-item protobooth-annotation-item--high-priority&quot;[39m
                [36m&gt;[39m
                  [36m&lt;div[39m
                    [33mclass[39m=[32m&quot;protobooth-annotation-item__header&quot;[39m
                  [36m&gt;[39m
                    [36m&lt;div[39m
                      [33mclass[39m=[32m&quot;protobooth-annotation-item__meta&quot;[39m
                    [36m&gt;[39m
                      [36m&lt;span[39m
                        [33mclass[39m=[32m&quot;protobooth-annotation-item__route&quot;[39m
                      [36m&gt;[39m
                        [0m/[0m
                      [36m&lt;/span&gt;[39m
                      [36m&lt;span[39m
                        [33mclass[39m=[32m&quot;protobooth-annotation-item__viewport&quot;[39m
                      [36m&gt;[39m
                        [0mdesktop[0m
                      [36m&lt;/span&gt;[39m
                      [36m&lt;span[39m
                        [33mclass[39m=[32m&quot;protobooth-annotation-item__priority protobooth-annotation-item__priority--high&quot;[39m
                      [36m&gt;[39m
                        [0mhigh[0m
                        [0m priority[0m
                      [36m&lt;/span&gt;[39m
                    [36m&lt;/div&gt;[39m
                    [36m&lt;span[39m
                      [33mclass[39m=[32m&quot;protobooth-status-badge protobooth-status-badge--resolved&quot;[39m
                    [36m&gt;[39m
                      [0mResolved[0m
                    [36m&lt;/span&gt;[39m
                  [36m&lt;/div&gt;[39m
                  [36m&lt;div[39m
                    [33mclass[39m=[32m&quot;protobooth-annotation-item__content&quot;[39m
                  [36m&gt;[39m
                    [36m&lt;p&gt;[39m
                      [0mFix navigation[0m
                    [36m&lt;/p&gt;[39m
                  [36m&lt;/div&gt;[39m
                  [36m&lt;div[39m
                    [33mclass[39m=[32m&quot;protobooth-annotation-item__position&quot;[39m
                  [36m&gt;[39m
                    [0mPosition: x=[0m
                    [0m100[0m
                    [0m, y=[0m
                    [0m200[0m
                  [36m&lt;/div&gt;[39m
                  [36m&lt;div[39m
                    [33mclass[39m=[32m&quot;protobooth-annotation-item__actions&quot;[39m
                  [36m/&gt;[39m
                  [36m&lt;div[39m
                    [33mclass[39m=[32m&quot;protobooth-annotation-item__timestamp&quot;[39m
                  [36m&gt;[39m
                    [0m2025-09-29T11:03:09.974Z[0m
                  [36m&lt;/div&gt;[39m
                [36m&lt;/div&gt;[39m
              [36m&lt;/div&gt;[39m
            [36m&lt;/div&gt;[39m
            [36m&lt;div[39m
              [33mclass[39m=[32m&quot;protobooth-resolve__actions&quot;[39m
            [36m&gt;[39m
              [36m&lt;button[39m
                [33mclass[39m=[32m&quot;protobooth-button protobooth-button--primary protobooth-button--medium&quot;[39m
                [33mdata-testid[39m=[32m&quot;start-new-review-cycle-button&quot;[39m
              [36m&gt;[39m
                [0mStart New Review Cycle[0m
              [36m&lt;/button&gt;[39m
            [36m&lt;/div&gt;[39m
          [36m&lt;/div&gt;[39m
        [36m&lt;/div&gt;[39m
      [36m&lt;/div&gt;[39m
    [36m&lt;/div&gt;[39m
  [36m&lt;/body&gt;[39m
[36m&lt;/html&gt;[39m" type="AssertionError">
AssertionError: expected &quot;spy&quot; to be called with arguments: [ StringContaining{…}, …(1) ]

Received: 

  1st spy call:

  Array [
-   StringContaining &quot;annotations.json&quot;,
-   StringMatching /&quot;status&quot;:&quot;resolved&quot;/,
+   &quot;protobooth-annotations.json&quot;,
+   &quot;[
+   {
+     \&quot;id\&quot;: \&quot;ann-1\&quot;,
+     \&quot;timestamp\&quot;: \&quot;2025-09-29T11:03:09.974Z\&quot;,
+     \&quot;route\&quot;: \&quot;/\&quot;,
+     \&quot;viewport\&quot;: \&quot;desktop\&quot;,
+     \&quot;position\&quot;: {
+       \&quot;x\&quot;: 100,
+       \&quot;y\&quot;: 200
+     },
+     \&quot;content\&quot;: \&quot;Fix navigation\&quot;,
+     \&quot;priority\&quot;: \&quot;high\&quot;,
+     \&quot;status\&quot;: \&quot;resolved\&quot;
+   }
+ ]&quot;,
  ]


Number of calls: 1


Ignored nodes: comments, script, style
&lt;html&gt;
  &lt;head /&gt;
  &lt;body&gt;
    &lt;div&gt;
      &lt;div
        class=&quot;protobooth-layout protobooth-protobooth-resolve protobooth-resolve&quot;
        data-testid=&quot;resolve-app&quot;
        id=&quot;protobooth-resolve&quot;
      &gt;
        &lt;div
          class=&quot;protobooth-resolve__header&quot;
        &gt;
          &lt;h1&gt;
            protobooth Development Interface
          &lt;/h1&gt;
          &lt;span
            class=&quot;protobooth-status-badge protobooth-status-badge--submitted&quot;
          &gt;
            Submitted For Development
          &lt;/span&gt;
        &lt;/div&gt;
        &lt;div
          class=&quot;protobooth-resolve__content&quot;
        &gt;
          &lt;div
            class=&quot;protobooth-resolve__submitted&quot;
            data-testid=&quot;workflow-submitted-for-development&quot;
          &gt;
            &lt;h2&gt;
              Submitted For Development
            &lt;/h2&gt;
            &lt;p
              data-testid=&quot;annotations-count&quot;
            &gt;
              1
               annotations ready for resolution.
            &lt;/p&gt;
            &lt;div
              class=&quot;protobooth-progress-bar protobooth-resolve__progress-bar&quot;
            &gt;
              &lt;div
                class=&quot;protobooth-progress-bar__label&quot;
              &gt;
                1 of 1 annotations resolved
                &lt;span
                  class=&quot;protobooth-progress-bar__percentage&quot;
                &gt;
                  100
                  %
                &lt;/span&gt;
              &lt;/div&gt;
              &lt;div
                class=&quot;protobooth-progress-bar__track&quot;
              &gt;
                &lt;div
                  class=&quot;protobooth-progress-bar__fill&quot;
                  style=&quot;width: 100%;&quot;
                /&gt;
              &lt;/div&gt;
            &lt;/div&gt;
            &lt;div
              class=&quot;protobooth-annotation-list&quot;
              data-testid=&quot;annotation-list&quot;
            &gt;
              &lt;div
                class=&quot;protobooth-annotation-group&quot;
              &gt;
                &lt;h3&gt;
                  Resolved (
                  1
                  )
                &lt;/h3&gt;
                &lt;div
                  class=&quot;protobooth-annotation-item protobooth-annotation-item--high-priority&quot;
                &gt;
                  &lt;div
                    class=&quot;protobooth-annotation-item__header&quot;
                  &gt;
                    &lt;div
                      class=&quot;protobooth-annotation-item__meta&quot;
                    &gt;
                      &lt;span
                        class=&quot;protobooth-annotation-item__route&quot;
                      &gt;
                        /
                      &lt;/span&gt;
                      &lt;span
                        class=&quot;protobooth-annotation-item__viewport&quot;
                      &gt;
                        desktop
                      &lt;/span&gt;
                      &lt;span
                        class=&quot;protobooth-annotation-item__priority protobooth-annotation-item__priority--high&quot;
                      &gt;
                        high
                         priority
                      &lt;/span&gt;
                    &lt;/div&gt;
                    &lt;span
                      class=&quot;protobooth-status-badge protobooth-status-badge--resolved&quot;
                    &gt;
                      Resolved
                    &lt;/span&gt;
                  &lt;/div&gt;
                  &lt;div
                    class=&quot;protobooth-annotation-item__content&quot;
                  &gt;
                    &lt;p&gt;
                      Fix navigation
                    &lt;/p&gt;
                  &lt;/div&gt;
                  &lt;div
                    class=&quot;protobooth-annotation-item__position&quot;
                  &gt;
                    Position: x=
                    100
                    , y=
                    200
                  &lt;/div&gt;
                  &lt;div
                    class=&quot;protobooth-annotation-item__actions&quot;
                  /&gt;
                  &lt;div
                    class=&quot;protobooth-annotation-item__timestamp&quot;
                  &gt;
                    2025-09-29T11:03:09.974Z
                  &lt;/div&gt;
                &lt;/div&gt;
              &lt;/div&gt;
            &lt;/div&gt;
            &lt;div
              class=&quot;protobooth-resolve__actions&quot;
            &gt;
              &lt;button
                class=&quot;protobooth-button protobooth-button--primary protobooth-button--medium&quot;
                data-testid=&quot;start-new-review-cycle-button&quot;
              &gt;
                Start New Review Cycle
              &lt;/button&gt;
            &lt;/div&gt;
          &lt;/div&gt;
        &lt;/div&gt;
      &lt;/div&gt;
    &lt;/div&gt;
  &lt;/body&gt;
&lt;/html&gt;
 ❯ tests/integration/development-ui-workflow.test.tsx:405:39
 ❯ runWithExpensiveErrorDiagnosticsDisabled node_modules/@testing-library/dom/dist/config.js:47:12
 ❯ checkCallback node_modules/@testing-library/dom/dist/wait-for.js:124:77
 ❯ Timeout.checkRealTimersCallback node_modules/@testing-library/dom/dist/wait-for.js:118:16
            </failure>
        </testcase>
        <testcase classname="tests/integration/development-ui-workflow.test.tsx" name="Development UI Workflow Integration &gt; Annotation Download and Resolution &gt; should track resolution progress" time="1.006">
            <failure message="Unable to find an element with the text: /50% complete/i. This could be because the text is broken up by multiple elements. In this case, you can provide a function for your text matcher to make your matcher more flexible.

Ignored nodes: comments, script, style
[36m&lt;body&gt;[39m
  [36m&lt;div&gt;[39m
    [36m&lt;div[39m
      [33mclass[39m=[32m&quot;protobooth-layout protobooth-protobooth-resolve protobooth-resolve&quot;[39m
      [33mdata-testid[39m=[32m&quot;resolve-app&quot;[39m
      [33mid[39m=[32m&quot;protobooth-resolve&quot;[39m
    [36m&gt;[39m
      [36m&lt;div[39m
        [33mclass[39m=[32m&quot;protobooth-resolve__header&quot;[39m
      [36m&gt;[39m
        [36m&lt;h1&gt;[39m
          [0mprotobooth Development Interface[0m
        [36m&lt;/h1&gt;[39m
        [36m&lt;span[39m
          [33mclass[39m=[32m&quot;protobooth-status-badge protobooth-status-badge--submitted&quot;[39m
        [36m&gt;[39m
          [0mSubmitted For Development[0m
        [36m&lt;/span&gt;[39m
      [36m&lt;/div&gt;[39m
      [36m&lt;div[39m
        [33mclass[39m=[32m&quot;protobooth-resolve__content&quot;[39m
      [36m&gt;[39m
        [36m&lt;div[39m
          [33mclass[39m=[32m&quot;protobooth-resolve__submitted&quot;[39m
          [33mdata-testid[39m=[32m&quot;workflow-submitted-for-development&quot;[39m
        [36m&gt;[39m
          [36m&lt;h2&gt;[39m
            [0mSubmitted For Development[0m
          [36m&lt;/h2&gt;[39m
          [36m&lt;p[39m
            [33mdata-testid[39m=[32m&quot;annotations-count&quot;[39m
          [36m&gt;[39m
            [0m2[0m
            [0m annotations ready for resolution.[0m
          [36m&lt;/p&gt;[39m
          [36m&lt;div[39m
            [33mclass[39m=[32m&quot;protobooth-progress-bar protobooth-resolve__progress-bar&quot;[39m
          [36m&gt;[39m
            [36m&lt;div[39m
              [33mclass[39m=[32m&quot;protobooth-progress-bar__label&quot;[39m
            [36m&gt;[39m
              [0m1 of 2 annotations resolved[0m
              [36m&lt;span[39m
                [33mclass[39m=[32m&quot;protobooth-progress-bar__percentage&quot;[39m
              [36m&gt;[39m
                [0m50[0m
                [0m%[0m
              [36m&lt;/span&gt;[39m
            [36m&lt;/div&gt;[39m
            [36m&lt;div[39m
              [33mclass[39m=[32m&quot;protobooth-progress-bar__track&quot;[39m
            [36m&gt;[39m
              [36m&lt;div[39m
                [33mclass[39m=[32m&quot;protobooth-progress-bar__fill&quot;[39m
                [33mstyle[39m=[32m&quot;width: 50%;&quot;[39m
              [36m/&gt;[39m
            [36m&lt;/div&gt;[39m
          [36m&lt;/div&gt;[39m
          [36m&lt;div[39m
            [33mclass[39m=[32m&quot;protobooth-annotation-list&quot;[39m
            [33mdata-testid[39m=[32m&quot;annotation-list&quot;[39m
          [36m&gt;[39m
            [36m&lt;div[39m
              [33mclass[39m=[32m&quot;protobooth-annotation-group&quot;[39m
            [36m&gt;[39m
              [36m&lt;h3&gt;[39m
                [0mPending ([0m
                [0m1[0m
                [0m)[0m
              [36m&lt;/h3&gt;[39m
              [36m&lt;div[39m
                [33mclass[39m=[32m&quot;protobooth-annotation-item protobooth-annotation-item--medium-priority&quot;[39m
              [36m&gt;[39m
                [36m&lt;div[39m
                  [33mclass[39m=[32m&quot;protobooth-annotation-item__header&quot;[39m
                [36m&gt;[39m
                  [36m&lt;div[39m
                    [33mclass[39m=[32m&quot;protobooth-annotation-item__meta&quot;[39m
                  [36m&gt;[39m
                    [36m&lt;span[39m
                      [33mclass[39m=[32m&quot;protobooth-annotation-item__route&quot;[39m
                    [36m&gt;[39m
                      [0m/[0m
                    [36m&lt;/span&gt;[39m
                    [36m&lt;span[39m
                      [33mclass[39m=[32m&quot;protobooth-annotation-item__viewport&quot;[39m
                    [36m&gt;[39m
                      [0mmobile[0m
                    [36m&lt;/span&gt;[39m
                    [36m&lt;span[39m
                      [33mclass[39m=[32m&quot;protobooth-annotation-item__priority protobooth-annotation-item__priority--medium&quot;[39m
                    [36m&gt;[39m
                      [0mmedium[0m
                      [0m priority[0m
                    [36m&lt;/span&gt;[39m
                  [36m&lt;/div&gt;[39m
                  [36m&lt;span[39m
                    [33mclass[39m=[32m&quot;protobooth-status-badge protobooth-status-badge--pending&quot;[39m
                  [36m&gt;[39m
                    [0mPending[0m
                  [36m&lt;/span&gt;[39m
                [36m&lt;/div&gt;[39m
                [36m&lt;div[39m
                  [33mclass[39m=[32m&quot;protobooth-annotation-item__content&quot;[39m
                [36m&gt;[39m
                  [36m&lt;p&gt;[39m
                    [0mFix footer[0m
                  [36m&lt;/p&gt;[39m
                [36m&lt;/div&gt;[39m
                [36m&lt;div[39m
                  [33mclass[39m=[32m&quot;protobooth-annotation-item__position&quot;[39m
                [36m&gt;[39m
                  [0mPosition: x=[0m
                  [0m50[0m
                  [0m, y=[0m
                  [0m150[0m
                [36m&lt;/div&gt;[39m
                [36m&lt;div[39m
                  [33mclass[39m=[32m&quot;protobooth-annotation-item__actions&quot;[39m
                [36m&gt;[39m
                  [36m&lt;button[39m
                    [33mclass[39m=[32m&quot;protobooth-button protobooth-button--secondary protobooth-button--small&quot;[39m
                  [36m&gt;[39m
                    [0mStart Working[0m
                  [36m&lt;/button&gt;[39m
                  [36m&lt;button[39m
                    [33mclass[39m=[32m&quot;protobooth-button protobooth-button--primary protobooth-button--small&quot;[39m
                    [33mdata-testid[39m=[32m&quot;mark-as-resolved-button&quot;[39m
                  [36m&gt;[39m
                    [0mMark as Resolved[0m
                  [36m&lt;/button&gt;[39m
                [36m&lt;/div&gt;[39m
                [36m&lt;div[39m
                  [33mclass[39m=[32m&quot;protobooth-annotation-item__timestamp&quot;[39m
                [36m&gt;[39m
                  [0m2025-09-29T11:03:10.995Z[0m
                [36m&lt;/div&gt;[39m
              [36m&lt;/div&gt;[39m
            [36m&lt;/div&gt;[39m
            [36m&lt;div[39m
              [33mclass[39m=[32m&quot;protobooth-annotation-group&quot;[39m
            [36m&gt;[39m
              [36m&lt;h3&gt;[39m
                [0mResolved ([0m
                [0m1[0m
                [0m)[0m
              [36m&lt;/h3&gt;[39m
              [36m&lt;div[39m
                [33mclass[39m=[32m&quot;protobooth-annotation-item protobooth-annotation-item--high-priority&quot;[39m
              [36m&gt;[39m
                [36m&lt;div[39m
                  [33mclass[39m=[32m&quot;protobooth-annotation-item__header&quot;[39m
                [36m&gt;[39m
                  [36m&lt;div[39m
                    [33mclass[39m=[32m&quot;protobooth-annotation-item__meta&quot;[39m
                  [36m&gt;[39m
                    [36m&lt;span[39m
                      [33mclass[39m=[32m&quot;protobooth-annotation-item__route&quot;[39m
                    [36m&gt;[39m
                      [0m/[0m
                    [36m&lt;/span&gt;[39m
                    [36m&lt;span[39m
                      [33mclass[39m=[32m&quot;protobooth-annotation-item__viewport&quot;[39m
                    [36m&gt;[39m
                      [0mdesktop[0m
                    [36m&lt;/span&gt;[39m
                    [36m&lt;span[39m
                      [33mclass[39m=[32m&quot;protobooth-annotation-item__priority protobooth-annotation-item__priority--high&quot;[39m
                    [36m&gt;[39m
                      [0mhigh[0m
                      [0m priority[0m
                    [36m&lt;/span&gt;[39m
                  [36m&lt;/div&gt;[39m
                  [36m&lt;span[39m
                    [33mclass[39m=[32m&quot;protobooth-status-badge protobooth-status-badge--resolved&quot;[39m
                  [36m&gt;[39m
                    [0mResolved[0m
                  [36m&lt;/span&gt;[39m
                [36m&lt;/div&gt;[39m
                [36m&lt;div[39m
                  [33mclass[39m=[32m&quot;protobooth-annotation-item__content&quot;[39m
                [36m&gt;[39m
                  [36m&lt;p&gt;[39m
                    [0mFix header[0m
                  [36m&lt;/p&gt;[39m
                [36m&lt;/div&gt;[39m
                [36m&lt;div[39m
                  [33mclass[39m=[32m&quot;protobooth-annotation-item__position&quot;[39m
                [36m&gt;[39m
                  [0mPosition: x=[0m
                  [0m100[0m
                  [0m, y=[0m
                  [0m200[0m
                [36m&lt;/div&gt;[39m
                [36m&lt;div[39m
                  [33mclass[39m=[32m&quot;protobooth-annotation-item__actions&quot;[39m
                [36m/&gt;[39m
                [36m&lt;div[39m
                  [33mclass[39m=[32m&quot;protobooth-annotation-item__timestamp&quot;[39m
                [36m&gt;[39m
                  [0m2025-09-29T11:03:10.995Z[0m
                [36m&lt;/div&gt;[39m
              [36m&lt;/div&gt;[39m
            [36m&lt;/div&gt;[39m
          [36m&lt;/div&gt;[39m
          [36m&lt;div[39m
            [33mclass[39m=[32m&quot;protobooth-resolve__actions&quot;[39m
          [36m&gt;[39m
            [36m&lt;button[39m
              [33mclass[39m=[32m&quot;protobooth-button protobooth-button--primary protobooth-button--medium&quot;[39m
              [33mdata-testid[39m=[32m&quot;start-new-review-cycle-button&quot;[39m
            [36m&gt;[39m
              [0mStart New Review Cycle[0m
            [36m&lt;/button&gt;[39m
          [36m&lt;/div&gt;[39m
        [36m&lt;/div&gt;[39m
      [36m&lt;/div&gt;[39m
    [36m&lt;/div&gt;[39m
  [36m&lt;/div&gt;[39m
[36m&lt;/body&gt;[39m

Ignored nodes: comments, script, style
[36m&lt;html&gt;[39m
  [36m&lt;head /&gt;[39m
  [36m&lt;body&gt;[39m
    [36m&lt;div&gt;[39m
      [36m&lt;div[39m
        [33mclass[39m=[32m&quot;protobooth-layout protobooth-protobooth-resolve protobooth-resolve&quot;[39m
        [33mdata-testid[39m=[32m&quot;resolve-app&quot;[39m
        [33mid[39m=[32m&quot;protobooth-resolve&quot;[39m
      [36m&gt;[39m
        [36m&lt;div[39m
          [33mclass[39m=[32m&quot;protobooth-resolve__header&quot;[39m
        [36m&gt;[39m
          [36m&lt;h1&gt;[39m
            [0mprotobooth Development Interface[0m
          [36m&lt;/h1&gt;[39m
          [36m&lt;span[39m
            [33mclass[39m=[32m&quot;protobooth-status-badge protobooth-status-badge--submitted&quot;[39m
          [36m&gt;[39m
            [0mSubmitted For Development[0m
          [36m&lt;/span&gt;[39m
        [36m&lt;/div&gt;[39m
        [36m&lt;div[39m
          [33mclass[39m=[32m&quot;protobooth-resolve__content&quot;[39m
        [36m&gt;[39m
          [36m&lt;div[39m
            [33mclass[39m=[32m&quot;protobooth-resolve__submitted&quot;[39m
            [33mdata-testid[39m=[32m&quot;workflow-submitted-for-development&quot;[39m
          [36m&gt;[39m
            [36m&lt;h2&gt;[39m
              [0mSubmitted For Development[0m
            [36m&lt;/h2&gt;[39m
            [36m&lt;p[39m
              [33mdata-testid[39m=[32m&quot;annotations-count&quot;[39m
            [36m&gt;[39m
              [0m2[0m
              [0m annotations ready for resolution.[0m
            [36m&lt;/p&gt;[39m
            [36m&lt;div[39m
              [33mclass[39m=[32m&quot;protobooth-progress-bar protobooth-resolve__progress-bar&quot;[39m
            [36m&gt;[39m
              [36m&lt;div[39m
                [33mclass[39m=[32m&quot;protobooth-progress-bar__label&quot;[39m
              [36m&gt;[39m
                [0m1 of 2 annotations resolved[0m
                [36m&lt;span[39m
                  [33mclass[39m=[32m&quot;protobooth-progress-bar__percentage&quot;[39m
                [36m&gt;[39m
                  [0m50[0m
                  [0m%[0m
                [36m&lt;/span&gt;[39m
              [36m&lt;/div&gt;[39m
              [36m&lt;div[39m
                [33mclass[39m=[32m&quot;protobooth-progress-bar__track&quot;[39m
              [36m&gt;[39m
                [36m&lt;div[39m
                  [33mclass[39m=[32m&quot;protobooth-progress-bar__fill&quot;[39m
                  [33mstyle[39m=[32m&quot;width: 50%;&quot;[39m
                [36m/&gt;[39m
              [36m&lt;/div&gt;[39m
            [36m&lt;/div&gt;[39m
            [36m&lt;div[39m
              [33mclass[39m=[32m&quot;protobooth-annotation-list&quot;[39m
              [33mdata-testid[39m=[32m&quot;annotation-list&quot;[39m
            [36m&gt;[39m
              [36m&lt;div[39m
                [33mclass[39m=[32m&quot;protobooth-annotation-group&quot;[39m
              [36m&gt;[39m
                [36m&lt;h3&gt;[39m
                  [0mPending ([0m
                  [0m1[0m
                  [0m)[0m
                [36m&lt;/h3&gt;[39m
                [36m&lt;div[39m
                  [33mclass[39m=[32m&quot;protobooth-annotation-item protobooth-annotation-item--medium-priority&quot;[39m
                [36m&gt;[39m
                  [36m&lt;div[39m
                    [33mclass[39m=[32m&quot;protobooth-annotation-item__header&quot;[39m
                  [36m&gt;[39m
                    [36m&lt;div[39m
                      [33mclass[39m=[32m&quot;protobooth-annotation-item__meta&quot;[39m
                    [36m&gt;[39m
                      [36m&lt;span[39m
                        [33mclass[39m=[32m&quot;protobooth-annotation-item__route&quot;[39m
                      [36m&gt;[39m
                        [0m/[0m
                      [36m&lt;/span&gt;[39m
                      [36m&lt;span[39m
                        [33mclass[39m=[32m&quot;protobooth-annotation-item__viewport&quot;[39m
                      [36m&gt;[39m
                        [0mmobile[0m
                      [36m&lt;/span&gt;[39m
                      [36m&lt;span[39m
                        [33mclass[39m=[32m&quot;protobooth-annotation-item__priority protobooth-annotation-item__priority--medium&quot;[39m
                      [36m&gt;[39m
                        [0mmedium[0m
                        [0m priority[0m
                      [36m&lt;/span&gt;[39m
                    [36m&lt;/div&gt;[39m
                    [36m&lt;span[39m
                      [33mclass[39m=[32m&quot;protobooth-status-badge protobooth-status-badge--pending&quot;[39m
                    [36m&gt;[39m
                      [0mPending[0m
                    [36m&lt;/span&gt;[39m
                  [36m&lt;/div&gt;[39m
                  [36m&lt;div[39m
                    [33mclass[39m=[32m&quot;protobooth-annotation-item__content&quot;[39m
                  [36m&gt;[39m
                    [36m&lt;p&gt;[39m
                      [0mFix footer[0m
                    [36m&lt;/p&gt;[39m
                  [36m&lt;/div&gt;[39m
                  [36m&lt;div[39m
                    [33mclass[39m=[32m&quot;protobooth-annotation-item__position&quot;[39m
                  [36m&gt;[39m
                    [0mPosition: x=[0m
                    [0m50[0m
                    [0m, y=[0m
                    [0m150[0m
                  [36m&lt;/div&gt;[39m
                  [36m&lt;div[39m
                    [33mclass[39m=[32m&quot;protobooth-annotation-item__actions&quot;[39m
                  [36m&gt;[39m
                    [36m&lt;button[39m
                      [33mclass[39m=[32m&quot;protobooth-button protobooth-button--secondary protobooth-button--small&quot;[39m
                    [36m&gt;[39m
                      [0mStart Working[0m
                    [36m&lt;/button&gt;[39m
                    [36m&lt;button[39m
                      [33mclass[39m=[32m&quot;protobooth-button protobooth-button--primary protobooth-button--small&quot;[39m
                      [33mdata-testid[39m=[32m&quot;mark-as-resolved-button&quot;[39m
                    [36m&gt;[39m
                      [0mMark as Resolved[0m
                    [36m&lt;/button&gt;[39m
                  [36m&lt;/div&gt;[39m
                  [36m&lt;div[39m
                    [33mclass[39m=[32m&quot;protobooth-annotation-item__timestamp&quot;[39m
                  [36m&gt;[39m
                    [0m2025-09-29T11:03:10.995Z[0m
                  [36m&lt;/div&gt;[39m
                [36m&lt;/div&gt;[39m
              [36m&lt;/div&gt;[39m
              [36m&lt;div[39m
                [33mclass[39m=[32m&quot;protobooth-annotation-group&quot;[39m
              [36m&gt;[39m
                [36m&lt;h3&gt;[39m
                  [0mResolved ([0m
                  [0m1[0m
                  [0m)[0m
                [36m&lt;/h3&gt;[39m
                [36m&lt;div[39m
                  [33mclass[39m=[32m&quot;protobooth-annotation-item protobooth-annotation-item--high-priority&quot;[39m
                [36m&gt;[39m
                  [36m&lt;div[39m
                    [33mclass[39m=[32m&quot;protobooth-annotation-item__header&quot;[39m
                  [36m&gt;[39m
                    [36m&lt;div[39m
                      [33mclass[39m=[32m&quot;protobooth-annotation-item__meta&quot;[39m
                    [36m&gt;[39m
                      [36m&lt;span[39m
                        [33mclass[39m=[32m&quot;protobooth-annotation-item__route&quot;[39m
                      [36m&gt;[39m
                        [0m/[0m
                      [36m&lt;/span&gt;[39m
                      [36m&lt;span[39m
                        [33mclass[39m=[32m&quot;protobooth-annotation-item__viewport&quot;[39m
                      [36m&gt;[39m
                        [0mdesktop[0m
                      [36m&lt;/span&gt;[39m
                      [36m&lt;span[39m
                        [33mclass[39m=[32m&quot;protobooth-annotation-item__priority protobooth-annotation-item__priority--high&quot;[39m
                      [36m&gt;[39m
                        [0mhigh[0m
                        [0m priority[0m
                      [36m&lt;/span&gt;[39m
                    [36m&lt;/div&gt;[39m
                    [36m&lt;span[39m
                      [33mclass[39m=[32m&quot;protobooth-status-badge protobooth-status-badge--resolved&quot;[39m
                    [36m&gt;[39m
                      [0mResolved[0m
                    [36m&lt;/span&gt;[39m
                  [36m&lt;/div&gt;[39m
                  [36m&lt;div[39m
                    [33mclass[39m=[32m&quot;protobooth-annotation-item__content&quot;[39m
                  [36m&gt;[39m
                    [36m&lt;p&gt;[39m
                      [0mFix header[0m
                    [36m&lt;/p&gt;[39m
                  [36m&lt;/div&gt;[39m
                  [36m&lt;div[39m
                    [33mclass[39m=[32m&quot;protobooth-annotation-item__position&quot;[39m
                  [36m&gt;[39m
                    [0mPosition: x=[0m
                    [0m100[0m
                    [0m, y=[0m
                    [0m200[0m
                  [36m&lt;/div&gt;[39m
                  [36m&lt;div[39m
                    [33mclass[39m=[32m&quot;protobooth-annotation-item__actions&quot;[39m
                  [36m/&gt;[39m
                  [36m&lt;div[39m
                    [33mclass[39m=[32m&quot;protobooth-annotation-item__timestamp&quot;[39m
                  [36m&gt;[39m
                    [0m2025-09-29T11:03:10.995Z[0m
                  [36m&lt;/div&gt;[39m
                [36m&lt;/div&gt;[39m
              [36m&lt;/div&gt;[39m
            [36m&lt;/div&gt;[39m
            [36m&lt;div[39m
              [33mclass[39m=[32m&quot;protobooth-resolve__actions&quot;[39m
            [36m&gt;[39m
              [36m&lt;button[39m
                [33mclass[39m=[32m&quot;protobooth-button protobooth-button--primary protobooth-button--medium&quot;[39m
                [33mdata-testid[39m=[32m&quot;start-new-review-cycle-button&quot;[39m
              [36m&gt;[39m
                [0mStart New Review Cycle[0m
              [36m&lt;/button&gt;[39m
            [36m&lt;/div&gt;[39m
          [36m&lt;/div&gt;[39m
        [36m&lt;/div&gt;[39m
      [36m&lt;/div&gt;[39m
    [36m&lt;/div&gt;[39m
  [36m&lt;/body&gt;[39m
[36m&lt;/html&gt;[39m" type="TestingLibraryElementError">
TestingLibraryElementError: Unable to find an element with the text: /50% complete/i. This could be because the text is broken up by multiple elements. In this case, you can provide a function for your text matcher to make your matcher more flexible.

Ignored nodes: comments, script, style
&lt;body&gt;
  &lt;div&gt;
    &lt;div
      class=&quot;protobooth-layout protobooth-protobooth-resolve protobooth-resolve&quot;
      data-testid=&quot;resolve-app&quot;
      id=&quot;protobooth-resolve&quot;
    &gt;
      &lt;div
        class=&quot;protobooth-resolve__header&quot;
      &gt;
        &lt;h1&gt;
          protobooth Development Interface
        &lt;/h1&gt;
        &lt;span
          class=&quot;protobooth-status-badge protobooth-status-badge--submitted&quot;
        &gt;
          Submitted For Development
        &lt;/span&gt;
      &lt;/div&gt;
      &lt;div
        class=&quot;protobooth-resolve__content&quot;
      &gt;
        &lt;div
          class=&quot;protobooth-resolve__submitted&quot;
          data-testid=&quot;workflow-submitted-for-development&quot;
        &gt;
          &lt;h2&gt;
            Submitted For Development
          &lt;/h2&gt;
          &lt;p
            data-testid=&quot;annotations-count&quot;
          &gt;
            2
             annotations ready for resolution.
          &lt;/p&gt;
          &lt;div
            class=&quot;protobooth-progress-bar protobooth-resolve__progress-bar&quot;
          &gt;
            &lt;div
              class=&quot;protobooth-progress-bar__label&quot;
            &gt;
              1 of 2 annotations resolved
              &lt;span
                class=&quot;protobooth-progress-bar__percentage&quot;
              &gt;
                50
                %
              &lt;/span&gt;
            &lt;/div&gt;
            &lt;div
              class=&quot;protobooth-progress-bar__track&quot;
            &gt;
              &lt;div
                class=&quot;protobooth-progress-bar__fill&quot;
                style=&quot;width: 50%;&quot;
              /&gt;
            &lt;/div&gt;
          &lt;/div&gt;
          &lt;div
            class=&quot;protobooth-annotation-list&quot;
            data-testid=&quot;annotation-list&quot;
          &gt;
            &lt;div
              class=&quot;protobooth-annotation-group&quot;
            &gt;
              &lt;h3&gt;
                Pending (
                1
                )
              &lt;/h3&gt;
              &lt;div
                class=&quot;protobooth-annotation-item protobooth-annotation-item--medium-priority&quot;
              &gt;
                &lt;div
                  class=&quot;protobooth-annotation-item__header&quot;
                &gt;
                  &lt;div
                    class=&quot;protobooth-annotation-item__meta&quot;
                  &gt;
                    &lt;span
                      class=&quot;protobooth-annotation-item__route&quot;
                    &gt;
                      /
                    &lt;/span&gt;
                    &lt;span
                      class=&quot;protobooth-annotation-item__viewport&quot;
                    &gt;
                      mobile
                    &lt;/span&gt;
                    &lt;span
                      class=&quot;protobooth-annotation-item__priority protobooth-annotation-item__priority--medium&quot;
                    &gt;
                      medium
                       priority
                    &lt;/span&gt;
                  &lt;/div&gt;
                  &lt;span
                    class=&quot;protobooth-status-badge protobooth-status-badge--pending&quot;
                  &gt;
                    Pending
                  &lt;/span&gt;
                &lt;/div&gt;
                &lt;div
                  class=&quot;protobooth-annotation-item__content&quot;
                &gt;
                  &lt;p&gt;
                    Fix footer
                  &lt;/p&gt;
                &lt;/div&gt;
                &lt;div
                  class=&quot;protobooth-annotation-item__position&quot;
                &gt;
                  Position: x=
                  50
                  , y=
                  150
                &lt;/div&gt;
                &lt;div
                  class=&quot;protobooth-annotation-item__actions&quot;
                &gt;
                  &lt;button
                    class=&quot;protobooth-button protobooth-button--secondary protobooth-button--small&quot;
                  &gt;
                    Start Working
                  &lt;/button&gt;
                  &lt;button
                    class=&quot;protobooth-button protobooth-button--primary protobooth-button--small&quot;
                    data-testid=&quot;mark-as-resolved-button&quot;
                  &gt;
                    Mark as Resolved
                  &lt;/button&gt;
                &lt;/div&gt;
                &lt;div
                  class=&quot;protobooth-annotation-item__timestamp&quot;
                &gt;
                  2025-09-29T11:03:10.995Z
                &lt;/div&gt;
              &lt;/div&gt;
            &lt;/div&gt;
            &lt;div
              class=&quot;protobooth-annotation-group&quot;
            &gt;
              &lt;h3&gt;
                Resolved (
                1
                )
              &lt;/h3&gt;
              &lt;div
                class=&quot;protobooth-annotation-item protobooth-annotation-item--high-priority&quot;
              &gt;
                &lt;div
                  class=&quot;protobooth-annotation-item__header&quot;
                &gt;
                  &lt;div
                    class=&quot;protobooth-annotation-item__meta&quot;
                  &gt;
                    &lt;span
                      class=&quot;protobooth-annotation-item__route&quot;
                    &gt;
                      /
                    &lt;/span&gt;
                    &lt;span
                      class=&quot;protobooth-annotation-item__viewport&quot;
                    &gt;
                      desktop
                    &lt;/span&gt;
                    &lt;span
                      class=&quot;protobooth-annotation-item__priority protobooth-annotation-item__priority--high&quot;
                    &gt;
                      high
                       priority
                    &lt;/span&gt;
                  &lt;/div&gt;
                  &lt;span
                    class=&quot;protobooth-status-badge protobooth-status-badge--resolved&quot;
                  &gt;
                    Resolved
                  &lt;/span&gt;
                &lt;/div&gt;
                &lt;div
                  class=&quot;protobooth-annotation-item__content&quot;
                &gt;
                  &lt;p&gt;
                    Fix header
                  &lt;/p&gt;
                &lt;/div&gt;
                &lt;div
                  class=&quot;protobooth-annotation-item__position&quot;
                &gt;
                  Position: x=
                  100
                  , y=
                  200
                &lt;/div&gt;
                &lt;div
                  class=&quot;protobooth-annotation-item__actions&quot;
                /&gt;
                &lt;div
                  class=&quot;protobooth-annotation-item__timestamp&quot;
                &gt;
                  2025-09-29T11:03:10.995Z
                &lt;/div&gt;
              &lt;/div&gt;
            &lt;/div&gt;
          &lt;/div&gt;
          &lt;div
            class=&quot;protobooth-resolve__actions&quot;
          &gt;
            &lt;button
              class=&quot;protobooth-button protobooth-button--primary protobooth-button--medium&quot;
              data-testid=&quot;start-new-review-cycle-button&quot;
            &gt;
              Start New Review Cycle
            &lt;/button&gt;
          &lt;/div&gt;
        &lt;/div&gt;
      &lt;/div&gt;
    &lt;/div&gt;
  &lt;/div&gt;
&lt;/body&gt;

Ignored nodes: comments, script, style
&lt;html&gt;
  &lt;head /&gt;
  &lt;body&gt;
    &lt;div&gt;
      &lt;div
        class=&quot;protobooth-layout protobooth-protobooth-resolve protobooth-resolve&quot;
        data-testid=&quot;resolve-app&quot;
        id=&quot;protobooth-resolve&quot;
      &gt;
        &lt;div
          class=&quot;protobooth-resolve__header&quot;
        &gt;
          &lt;h1&gt;
            protobooth Development Interface
          &lt;/h1&gt;
          &lt;span
            class=&quot;protobooth-status-badge protobooth-status-badge--submitted&quot;
          &gt;
            Submitted For Development
          &lt;/span&gt;
        &lt;/div&gt;
        &lt;div
          class=&quot;protobooth-resolve__content&quot;
        &gt;
          &lt;div
            class=&quot;protobooth-resolve__submitted&quot;
            data-testid=&quot;workflow-submitted-for-development&quot;
          &gt;
            &lt;h2&gt;
              Submitted For Development
            &lt;/h2&gt;
            &lt;p
              data-testid=&quot;annotations-count&quot;
            &gt;
              2
               annotations ready for resolution.
            &lt;/p&gt;
            &lt;div
              class=&quot;protobooth-progress-bar protobooth-resolve__progress-bar&quot;
            &gt;
              &lt;div
                class=&quot;protobooth-progress-bar__label&quot;
              &gt;
                1 of 2 annotations resolved
                &lt;span
                  class=&quot;protobooth-progress-bar__percentage&quot;
                &gt;
                  50
                  %
                &lt;/span&gt;
              &lt;/div&gt;
              &lt;div
                class=&quot;protobooth-progress-bar__track&quot;
              &gt;
                &lt;div
                  class=&quot;protobooth-progress-bar__fill&quot;
                  style=&quot;width: 50%;&quot;
                /&gt;
              &lt;/div&gt;
            &lt;/div&gt;
            &lt;div
              class=&quot;protobooth-annotation-list&quot;
              data-testid=&quot;annotation-list&quot;
            &gt;
              &lt;div
                class=&quot;protobooth-annotation-group&quot;
              &gt;
                &lt;h3&gt;
                  Pending (
                  1
                  )
                &lt;/h3&gt;
                &lt;div
                  class=&quot;protobooth-annotation-item protobooth-annotation-item--medium-priority&quot;
                &gt;
                  &lt;div
                    class=&quot;protobooth-annotation-item__header&quot;
                  &gt;
                    &lt;div
                      class=&quot;protobooth-annotation-item__meta&quot;
                    &gt;
                      &lt;span
                        class=&quot;protobooth-annotation-item__route&quot;
                      &gt;
                        /
                      &lt;/span&gt;
                      &lt;span
                        class=&quot;protobooth-annotation-item__viewport&quot;
                      &gt;
                        mobile
                      &lt;/span&gt;
                      &lt;span
                        class=&quot;protobooth-annotation-item__priority protobooth-annotation-item__priority--medium&quot;
                      &gt;
                        medium
                         priority
                      &lt;/span&gt;
                    &lt;/div&gt;
                    &lt;span
                      class=&quot;protobooth-status-badge protobooth-status-badge--pending&quot;
                    &gt;
                      Pending
                    &lt;/span&gt;
                  &lt;/div&gt;
                  &lt;div
                    class=&quot;protobooth-annotation-item__content&quot;
                  &gt;
                    &lt;p&gt;
                      Fix footer
                    &lt;/p&gt;
                  &lt;/div&gt;
                  &lt;div
                    class=&quot;protobooth-annotation-item__position&quot;
                  &gt;
                    Position: x=
                    50
                    , y=
                    150
                  &lt;/div&gt;
                  &lt;div
                    class=&quot;protobooth-annotation-item__actions&quot;
                  &gt;
                    &lt;button
                      class=&quot;protobooth-button protobooth-button--secondary protobooth-button--small&quot;
                    &gt;
                      Start Working
                    &lt;/button&gt;
                    &lt;button
                      class=&quot;protobooth-button protobooth-button--primary protobooth-button--small&quot;
                      data-testid=&quot;mark-as-resolved-button&quot;
                    &gt;
                      Mark as Resolved
                    &lt;/button&gt;
                  &lt;/div&gt;
                  &lt;div
                    class=&quot;protobooth-annotation-item__timestamp&quot;
                  &gt;
                    2025-09-29T11:03:10.995Z
                  &lt;/div&gt;
                &lt;/div&gt;
              &lt;/div&gt;
              &lt;div
                class=&quot;protobooth-annotation-group&quot;
              &gt;
                &lt;h3&gt;
                  Resolved (
                  1
                  )
                &lt;/h3&gt;
                &lt;div
                  class=&quot;protobooth-annotation-item protobooth-annotation-item--high-priority&quot;
                &gt;
                  &lt;div
                    class=&quot;protobooth-annotation-item__header&quot;
                  &gt;
                    &lt;div
                      class=&quot;protobooth-annotation-item__meta&quot;
                    &gt;
                      &lt;span
                        class=&quot;protobooth-annotation-item__route&quot;
                      &gt;
                        /
                      &lt;/span&gt;
                      &lt;span
                        class=&quot;protobooth-annotation-item__viewport&quot;
                      &gt;
                        desktop
                      &lt;/span&gt;
                      &lt;span
                        class=&quot;protobooth-annotation-item__priority protobooth-annotation-item__priority--high&quot;
                      &gt;
                        high
                         priority
                      &lt;/span&gt;
                    &lt;/div&gt;
                    &lt;span
                      class=&quot;protobooth-status-badge protobooth-status-badge--resolved&quot;
                    &gt;
                      Resolved
                    &lt;/span&gt;
                  &lt;/div&gt;
                  &lt;div
                    class=&quot;protobooth-annotation-item__content&quot;
                  &gt;
                    &lt;p&gt;
                      Fix header
                    &lt;/p&gt;
                  &lt;/div&gt;
                  &lt;div
                    class=&quot;protobooth-annotation-item__position&quot;
                  &gt;
                    Position: x=
                    100
                    , y=
                    200
                  &lt;/div&gt;
                  &lt;div
                    class=&quot;protobooth-annotation-item__actions&quot;
                  /&gt;
                  &lt;div
                    class=&quot;protobooth-annotation-item__timestamp&quot;
                  &gt;
                    2025-09-29T11:03:10.995Z
                  &lt;/div&gt;
                &lt;/div&gt;
              &lt;/div&gt;
            &lt;/div&gt;
            &lt;div
              class=&quot;protobooth-resolve__actions&quot;
            &gt;
              &lt;button
                class=&quot;protobooth-button protobooth-button--primary protobooth-button--medium&quot;
                data-testid=&quot;start-new-review-cycle-button&quot;
              &gt;
                Start New Review Cycle
              &lt;/button&gt;
            &lt;/div&gt;
          &lt;/div&gt;
        &lt;/div&gt;
      &lt;/div&gt;
    &lt;/div&gt;
  &lt;/body&gt;
&lt;/html&gt;
 ❯ Proxy.waitForWrapper node_modules/@testing-library/dom/dist/wait-for.js:163:27
 ❯ tests/integration/development-ui-workflow.test.tsx:439:13
            </failure>
        </testcase>
        <testcase classname="tests/integration/development-ui-workflow.test.tsx" name="Development UI Workflow Integration &gt; State Persistence &gt; should persist workflow state across dev server restarts" time="1.032">
            <failure message="expected &quot;spy&quot; to be called with arguments: [ StringContaining{…}, …(1) ][90m

Received: 

[1m  1st spy call:

[22m[2m  Array [[22m
[32m-   StringContaining &quot;workflow-state.json&quot;,[90m
[32m-   StringContaining &quot;\&quot;state\&quot;:\&quot;reviews-requested\&quot;&quot;,[90m
[31m+   &quot;protobooth-workflow-state.json&quot;,[90m
[31m+   &quot;{[90m
[31m+   \&quot;state\&quot;: \&quot;reviews-requested\&quot;,[90m
[31m+   \&quot;timestamp\&quot;: \&quot;2025-09-29T11:03:12.022Z\&quot;[90m
[31m+ }&quot;,[90m
[2m  ][22m

[1m  2nd spy call:

[22m[2m  Array [[22m
[32m-   StringContaining &quot;workflow-state.json&quot;,[90m
[32m-   StringContaining &quot;\&quot;state\&quot;:\&quot;reviews-requested\&quot;&quot;,[90m
[31m+   &quot;protobooth-workflow-state.json&quot;,[90m
[31m+   &quot;{[90m
[31m+   \&quot;state\&quot;: \&quot;in-review\&quot;,[90m
[31m+   \&quot;timestamp\&quot;: \&quot;2025-09-29T11:03:12.847Z\&quot;[90m
[31m+ }&quot;,[90m
[2m  ][22m
[39m[90m

Number of calls: [1m2[22m
[39m

Ignored nodes: comments, script, style
[36m&lt;html&gt;[39m
  [36m&lt;head /&gt;[39m
  [36m&lt;body&gt;[39m
    [36m&lt;div&gt;[39m
      [36m&lt;div[39m
        [33mclass[39m=[32m&quot;protobooth-layout protobooth-protobooth-resolve protobooth-resolve&quot;[39m
        [33mdata-testid[39m=[32m&quot;resolve-app&quot;[39m
        [33mid[39m=[32m&quot;protobooth-resolve&quot;[39m
      [36m&gt;[39m
        [36m&lt;div[39m
          [33mclass[39m=[32m&quot;protobooth-resolve__header&quot;[39m
        [36m&gt;[39m
          [36m&lt;h1&gt;[39m
            [0mprotobooth Development Interface[0m
          [36m&lt;/h1&gt;[39m
          [36m&lt;span[39m
            [33mclass[39m=[32m&quot;protobooth-status-badge protobooth-status-badge--review&quot;[39m
          [36m&gt;[39m
            [0mIn Review[0m
          [36m&lt;/span&gt;[39m
        [36m&lt;/div&gt;[39m
        [36m&lt;div[39m
          [33mclass[39m=[32m&quot;protobooth-resolve__content&quot;[39m
        [36m&gt;[39m
          [36m&lt;div[39m
            [33mclass[39m=[32m&quot;protobooth-resolve__review&quot;[39m
            [33mdata-testid[39m=[32m&quot;workflow-in-review&quot;[39m
          [36m&gt;[39m
            [36m&lt;h2&gt;[39m
              [0mIn Review[0m
            [36m&lt;/h2&gt;[39m
            [36m&lt;p&gt;[39m
              [0mWaiting for client feedback on staging server.[0m
            [36m&lt;/p&gt;[39m
            [36m&lt;div[39m
              [33mclass[39m=[32m&quot;protobooth-resolve__actions&quot;[39m
            [36m&gt;[39m
              [36m&lt;button[39m
                [33mclass[39m=[32m&quot;protobooth-button protobooth-button--primary protobooth-button--medium&quot;[39m
                [33mdata-testid[39m=[32m&quot;download-annotations-button&quot;[39m
              [36m&gt;[39m
                [0mDownload Annotations[0m
              [36m&lt;/button&gt;[39m
              [36m&lt;button[39m
                [33mclass[39m=[32m&quot;protobooth-button protobooth-button--secondary protobooth-button--medium&quot;[39m
                [33mdata-testid[39m=[32m&quot;start-new-review-button&quot;[39m
              [36m&gt;[39m
                [0mStart New Review[0m
              [36m&lt;/button&gt;[39m
            [36m&lt;/div&gt;[39m
          [36m&lt;/div&gt;[39m
        [36m&lt;/div&gt;[39m
      [36m&lt;/div&gt;[39m
    [36m&lt;/div&gt;[39m
  [36m&lt;/body&gt;[39m
[36m&lt;/html&gt;[39m" type="AssertionError">
AssertionError: expected &quot;spy&quot; to be called with arguments: [ StringContaining{…}, …(1) ]

Received: 

  1st spy call:

  Array [
-   StringContaining &quot;workflow-state.json&quot;,
-   StringContaining &quot;\&quot;state\&quot;:\&quot;reviews-requested\&quot;&quot;,
+   &quot;protobooth-workflow-state.json&quot;,
+   &quot;{
+   \&quot;state\&quot;: \&quot;reviews-requested\&quot;,
+   \&quot;timestamp\&quot;: \&quot;2025-09-29T11:03:12.022Z\&quot;
+ }&quot;,
  ]

  2nd spy call:

  Array [
-   StringContaining &quot;workflow-state.json&quot;,
-   StringContaining &quot;\&quot;state\&quot;:\&quot;reviews-requested\&quot;&quot;,
+   &quot;protobooth-workflow-state.json&quot;,
+   &quot;{
+   \&quot;state\&quot;: \&quot;in-review\&quot;,
+   \&quot;timestamp\&quot;: \&quot;2025-09-29T11:03:12.847Z\&quot;
+ }&quot;,
  ]


Number of calls: 2


Ignored nodes: comments, script, style
&lt;html&gt;
  &lt;head /&gt;
  &lt;body&gt;
    &lt;div&gt;
      &lt;div
        class=&quot;protobooth-layout protobooth-protobooth-resolve protobooth-resolve&quot;
        data-testid=&quot;resolve-app&quot;
        id=&quot;protobooth-resolve&quot;
      &gt;
        &lt;div
          class=&quot;protobooth-resolve__header&quot;
        &gt;
          &lt;h1&gt;
            protobooth Development Interface
          &lt;/h1&gt;
          &lt;span
            class=&quot;protobooth-status-badge protobooth-status-badge--review&quot;
          &gt;
            In Review
          &lt;/span&gt;
        &lt;/div&gt;
        &lt;div
          class=&quot;protobooth-resolve__content&quot;
        &gt;
          &lt;div
            class=&quot;protobooth-resolve__review&quot;
            data-testid=&quot;workflow-in-review&quot;
          &gt;
            &lt;h2&gt;
              In Review
            &lt;/h2&gt;
            &lt;p&gt;
              Waiting for client feedback on staging server.
            &lt;/p&gt;
            &lt;div
              class=&quot;protobooth-resolve__actions&quot;
            &gt;
              &lt;button
                class=&quot;protobooth-button protobooth-button--primary protobooth-button--medium&quot;
                data-testid=&quot;download-annotations-button&quot;
              &gt;
                Download Annotations
              &lt;/button&gt;
              &lt;button
                class=&quot;protobooth-button protobooth-button--secondary protobooth-button--medium&quot;
                data-testid=&quot;start-new-review-button&quot;
              &gt;
                Start New Review
              &lt;/button&gt;
            &lt;/div&gt;
          &lt;/div&gt;
        &lt;/div&gt;
      &lt;/div&gt;
    &lt;/div&gt;
  &lt;/body&gt;
&lt;/html&gt;
 ❯ tests/integration/development-ui-workflow.test.tsx:463:39
 ❯ runWithExpensiveErrorDiagnosticsDisabled node_modules/@testing-library/dom/dist/config.js:47:12
 ❯ checkCallback node_modules/@testing-library/dom/dist/wait-for.js:124:77
 ❯ Timeout.checkRealTimersCallback node_modules/@testing-library/dom/dist/wait-for.js:118:16
            </failure>
        </testcase>
        <testcase classname="tests/integration/development-ui-workflow.test.tsx" name="Development UI Workflow Integration &gt; State Persistence &gt; should restore previous workflow state on component mount" time="1.012">
            <failure message="Found multiple elements with the text: /In Review/i

Here are the matching elements:

Ignored nodes: comments, script, style
[36m&lt;span[39m
  [33mclass[39m=[32m&quot;protobooth-status-badge protobooth-status-badge--review&quot;[39m
[36m&gt;[39m
  [0mIn Review[0m
[36m&lt;/span&gt;[39m

Ignored nodes: comments, script, style
[36m&lt;h2&gt;[39m
  [0mIn Review[0m
[36m&lt;/h2&gt;[39m

(If this is intentional, then use the `*AllBy*` variant of the query (like `queryAllByText`, `getAllByText`, or `findAllByText`)).

Ignored nodes: comments, script, style
[36m&lt;body&gt;[39m
  [36m&lt;div&gt;[39m
    [36m&lt;div[39m
      [33mclass[39m=[32m&quot;protobooth-layout protobooth-protobooth-resolve protobooth-resolve&quot;[39m
      [33mdata-testid[39m=[32m&quot;resolve-app&quot;[39m
      [33mid[39m=[32m&quot;protobooth-resolve&quot;[39m
    [36m&gt;[39m
      [36m&lt;div[39m
        [33mclass[39m=[32m&quot;protobooth-resolve__header&quot;[39m
      [36m&gt;[39m
        [36m&lt;h1&gt;[39m
          [0mprotobooth Development Interface[0m
        [36m&lt;/h1&gt;[39m
        [36m&lt;span[39m
          [33mclass[39m=[32m&quot;protobooth-status-badge protobooth-status-badge--review&quot;[39m
        [36m&gt;[39m
          [0mIn Review[0m
        [36m&lt;/span&gt;[39m
      [36m&lt;/div&gt;[39m
      [36m&lt;div[39m
        [33mclass[39m=[32m&quot;protobooth-resolve__content&quot;[39m
      [36m&gt;[39m
        [36m&lt;div[39m
          [33mclass[39m=[32m&quot;protobooth-resolve__review&quot;[39m
          [33mdata-testid[39m=[32m&quot;workflow-in-review&quot;[39m
        [36m&gt;[39m
          [36m&lt;h2&gt;[39m
            [0mIn Review[0m
          [36m&lt;/h2&gt;[39m
          [36m&lt;p&gt;[39m
            [0mWaiting for client feedback on staging server.[0m
          [36m&lt;/p&gt;[39m
          [36m&lt;div[39m
            [33mclass[39m=[32m&quot;protobooth-resolve__actions&quot;[39m
          [36m&gt;[39m
            [36m&lt;button[39m
              [33mclass[39m=[32m&quot;protobooth-button protobooth-button--primary protobooth-button--medium&quot;[39m
              [33mdata-testid[39m=[32m&quot;download-annotations-button&quot;[39m
            [36m&gt;[39m
              [0mDownload Annotations[0m
            [36m&lt;/button&gt;[39m
            [36m&lt;button[39m
              [33mclass[39m=[32m&quot;protobooth-button protobooth-button--secondary protobooth-button--medium&quot;[39m
              [33mdata-testid[39m=[32m&quot;start-new-review-button&quot;[39m
            [36m&gt;[39m
              [0mStart New Review[0m
            [36m&lt;/button&gt;[39m
          [36m&lt;/div&gt;[39m
        [36m&lt;/div&gt;[39m
      [36m&lt;/div&gt;[39m
    [36m&lt;/div&gt;[39m
  [36m&lt;/div&gt;[39m
[36m&lt;/body&gt;[39m

Ignored nodes: comments, script, style
[36m&lt;html&gt;[39m
  [36m&lt;head /&gt;[39m
  [36m&lt;body&gt;[39m
    [36m&lt;div&gt;[39m
      [36m&lt;div[39m
        [33mclass[39m=[32m&quot;protobooth-layout protobooth-protobooth-resolve protobooth-resolve&quot;[39m
        [33mdata-testid[39m=[32m&quot;resolve-app&quot;[39m
        [33mid[39m=[32m&quot;protobooth-resolve&quot;[39m
      [36m&gt;[39m
        [36m&lt;div[39m
          [33mclass[39m=[32m&quot;protobooth-resolve__header&quot;[39m
        [36m&gt;[39m
          [36m&lt;h1&gt;[39m
            [0mprotobooth Development Interface[0m
          [36m&lt;/h1&gt;[39m
          [36m&lt;span[39m
            [33mclass[39m=[32m&quot;protobooth-status-badge protobooth-status-badge--review&quot;[39m
          [36m&gt;[39m
            [0mIn Review[0m
          [36m&lt;/span&gt;[39m
        [36m&lt;/div&gt;[39m
        [36m&lt;div[39m
          [33mclass[39m=[32m&quot;protobooth-resolve__content&quot;[39m
        [36m&gt;[39m
          [36m&lt;div[39m
            [33mclass[39m=[32m&quot;protobooth-resolve__review&quot;[39m
            [33mdata-testid[39m=[32m&quot;workflow-in-review&quot;[39m
          [36m&gt;[39m
            [36m&lt;h2&gt;[39m
              [0mIn Review[0m
            [36m&lt;/h2&gt;[39m
            [36m&lt;p&gt;[39m
              [0mWaiting for client feedback on staging server.[0m
            [36m&lt;/p&gt;[39m
            [36m&lt;div[39m
              [33mclass[39m=[32m&quot;protobooth-resolve__actions&quot;[39m
            [36m&gt;[39m
              [36m&lt;button[39m
                [33mclass[39m=[32m&quot;protobooth-button protobooth-button--primary protobooth-button--medium&quot;[39m
                [33mdata-testid[39m=[32m&quot;download-annotations-button&quot;[39m
              [36m&gt;[39m
                [0mDownload Annotations[0m
              [36m&lt;/button&gt;[39m
              [36m&lt;button[39m
                [33mclass[39m=[32m&quot;protobooth-button protobooth-button--secondary protobooth-button--medium&quot;[39m
                [33mdata-testid[39m=[32m&quot;start-new-review-button&quot;[39m
              [36m&gt;[39m
                [0mStart New Review[0m
              [36m&lt;/button&gt;[39m
            [36m&lt;/div&gt;[39m
          [36m&lt;/div&gt;[39m
        [36m&lt;/div&gt;[39m
      [36m&lt;/div&gt;[39m
    [36m&lt;/div&gt;[39m
  [36m&lt;/body&gt;[39m
[36m&lt;/html&gt;[39m" type="TestingLibraryElementError">
TestingLibraryElementError: Found multiple elements with the text: /In Review/i

Here are the matching elements:

Ignored nodes: comments, script, style
&lt;span
  class=&quot;protobooth-status-badge protobooth-status-badge--review&quot;
&gt;
  In Review
&lt;/span&gt;

Ignored nodes: comments, script, style
&lt;h2&gt;
  In Review
&lt;/h2&gt;

(If this is intentional, then use the `*AllBy*` variant of the query (like `queryAllByText`, `getAllByText`, or `findAllByText`)).

Ignored nodes: comments, script, style
&lt;body&gt;
  &lt;div&gt;
    &lt;div
      class=&quot;protobooth-layout protobooth-protobooth-resolve protobooth-resolve&quot;
      data-testid=&quot;resolve-app&quot;
      id=&quot;protobooth-resolve&quot;
    &gt;
      &lt;div
        class=&quot;protobooth-resolve__header&quot;
      &gt;
        &lt;h1&gt;
          protobooth Development Interface
        &lt;/h1&gt;
        &lt;span
          class=&quot;protobooth-status-badge protobooth-status-badge--review&quot;
        &gt;
          In Review
        &lt;/span&gt;
      &lt;/div&gt;
      &lt;div
        class=&quot;protobooth-resolve__content&quot;
      &gt;
        &lt;div
          class=&quot;protobooth-resolve__review&quot;
          data-testid=&quot;workflow-in-review&quot;
        &gt;
          &lt;h2&gt;
            In Review
          &lt;/h2&gt;
          &lt;p&gt;
            Waiting for client feedback on staging server.
          &lt;/p&gt;
          &lt;div
            class=&quot;protobooth-resolve__actions&quot;
          &gt;
            &lt;button
              class=&quot;protobooth-button protobooth-button--primary protobooth-button--medium&quot;
              data-testid=&quot;download-annotations-button&quot;
            &gt;
              Download Annotations
            &lt;/button&gt;
            &lt;button
              class=&quot;protobooth-button protobooth-button--secondary protobooth-button--medium&quot;
              data-testid=&quot;start-new-review-button&quot;
            &gt;
              Start New Review
            &lt;/button&gt;
          &lt;/div&gt;
        &lt;/div&gt;
      &lt;/div&gt;
    &lt;/div&gt;
  &lt;/div&gt;
&lt;/body&gt;

Ignored nodes: comments, script, style
&lt;html&gt;
  &lt;head /&gt;
  &lt;body&gt;
    &lt;div&gt;
      &lt;div
        class=&quot;protobooth-layout protobooth-protobooth-resolve protobooth-resolve&quot;
        data-testid=&quot;resolve-app&quot;
        id=&quot;protobooth-resolve&quot;
      &gt;
        &lt;div
          class=&quot;protobooth-resolve__header&quot;
        &gt;
          &lt;h1&gt;
            protobooth Development Interface
          &lt;/h1&gt;
          &lt;span
            class=&quot;protobooth-status-badge protobooth-status-badge--review&quot;
          &gt;
            In Review
          &lt;/span&gt;
        &lt;/div&gt;
        &lt;div
          class=&quot;protobooth-resolve__content&quot;
        &gt;
          &lt;div
            class=&quot;protobooth-resolve__review&quot;
            data-testid=&quot;workflow-in-review&quot;
          &gt;
            &lt;h2&gt;
              In Review
            &lt;/h2&gt;
            &lt;p&gt;
              Waiting for client feedback on staging server.
            &lt;/p&gt;
            &lt;div
              class=&quot;protobooth-resolve__actions&quot;
            &gt;
              &lt;button
                class=&quot;protobooth-button protobooth-button--primary protobooth-button--medium&quot;
                data-testid=&quot;download-annotations-button&quot;
              &gt;
                Download Annotations
              &lt;/button&gt;
              &lt;button
                class=&quot;protobooth-button protobooth-button--secondary protobooth-button--medium&quot;
                data-testid=&quot;start-new-review-button&quot;
              &gt;
                Start New Review
              &lt;/button&gt;
            &lt;/div&gt;
          &lt;/div&gt;
        &lt;/div&gt;
      &lt;/div&gt;
    &lt;/div&gt;
  &lt;/body&gt;
&lt;/html&gt;
 ❯ Proxy.waitForWrapper node_modules/@testing-library/dom/dist/wait-for.js:163:27
 ❯ tests/integration/development-ui-workflow.test.tsx:475:13
            </failure>
        </testcase>
        <testcase classname="tests/integration/development-ui-workflow.test.tsx" name="Development UI Workflow Integration &gt; State Persistence &gt; should handle missing state file gracefully" time="0.004">
        </testcase>
        <testcase classname="tests/integration/development-ui-workflow.test.tsx" name="Development UI Workflow Integration &gt; Error Handling &gt; should handle file system errors during state persistence" time="0.028">
            <system-err>
Failed to save workflow state: Error: Permission denied
    at [90mC:\developer\protobooth\[39mtests\integration\development-ui-workflow.test.tsx:493:47
    at [90mfile:///C:/developer/protobooth/[39mnode_modules/[4m@vitest[24m/runner/dist/index.js:135:14
    at [90mfile:///C:/developer/protobooth/[39mnode_modules/[4m@vitest[24m/runner/dist/index.js:60:26
    at runTest [90m(file:///C:/developer/protobooth/[39mnode_modules/[4m@vitest[24m/runner/dist/index.js:781:17[90m)[39m
    at runSuite [90m(file:///C:/developer/protobooth/[39mnode_modules/[4m@vitest[24m/runner/dist/index.js:909:15[90m)[39m
    at runSuite [90m(file:///C:/developer/protobooth/[39mnode_modules/[4m@vitest[24m/runner/dist/index.js:909:15[90m)[39m
    at runSuite [90m(file:///C:/developer/protobooth/[39mnode_modules/[4m@vitest[24m/runner/dist/index.js:909:15[90m)[39m
    at runFiles [90m(file:///C:/developer/protobooth/[39mnode_modules/[4m@vitest[24m/runner/dist/index.js:958:5[90m)[39m
    at startTests [90m(file:///C:/developer/protobooth/[39mnode_modules/[4m@vitest[24m/runner/dist/index.js:967:3[90m)[39m
    at [90mfile:///C:/developer/protobooth/[39mnode_modules/[4mvitest[24m/dist/chunks/runtime-runBaseTests.oAvMKtQC.js:116:7
Failed to request review: Error: Permission denied
    at [90mC:\developer\protobooth\[39mtests\integration\development-ui-workflow.test.tsx:493:47
    at [90mfile:///C:/developer/protobooth/[39mnode_modules/[4m@vitest[24m/runner/dist/index.js:135:14
    at [90mfile:///C:/developer/protobooth/[39mnode_modules/[4m@vitest[24m/runner/dist/index.js:60:26
    at runTest [90m(file:///C:/developer/protobooth/[39mnode_modules/[4m@vitest[24m/runner/dist/index.js:781:17[90m)[39m
    at runSuite [90m(file:///C:/developer/protobooth/[39mnode_modules/[4m@vitest[24m/runner/dist/index.js:909:15[90m)[39m
    at runSuite [90m(file:///C:/developer/protobooth/[39mnode_modules/[4m@vitest[24m/runner/dist/index.js:909:15[90m)[39m
    at runSuite [90m(file:///C:/developer/protobooth/[39mnode_modules/[4m@vitest[24m/runner/dist/index.js:909:15[90m)[39m
    at runFiles [90m(file:///C:/developer/protobooth/[39mnode_modules/[4m@vitest[24m/runner/dist/index.js:958:5[90m)[39m
    at startTests [90m(file:///C:/developer/protobooth/[39mnode_modules/[4m@vitest[24m/runner/dist/index.js:967:3[90m)[39m
    at [90mfile:///C:/developer/protobooth/[39mnode_modules/[4mvitest[24m/dist/chunks/runtime-runBaseTests.oAvMKtQC.js:116:7

            </system-err>
        </testcase>
        <testcase classname="tests/integration/development-ui-workflow.test.tsx" name="Development UI Workflow Integration &gt; Error Handling &gt; should handle corrupted annotation data" time="0.015">
            <system-err>
Failed to parse annotation data: SyntaxError: Unexpected token &apos;i&apos;, &quot;invalid json data&quot; is not valid JSON
    at JSON.parse (&lt;anonymous&gt;)
    at [90mC:\developer\protobooth\[39msrc\ui\Resolve\hooks\useAnnotations.ts:34:27

            </system-err>
        </testcase>
        <testcase classname="tests/integration/development-ui-workflow.test.tsx" name="Development UI Workflow Integration &gt; Error Handling &gt; should handle network failures during annotation download" time="1.037">
            <failure message="Unable to find an element with the text: /failed to download annotations/i. This could be because the text is broken up by multiple elements. In this case, you can provide a function for your text matcher to make your matcher more flexible.

Ignored nodes: comments, script, style
[36m&lt;body&gt;[39m
  [36m&lt;div&gt;[39m
    [36m&lt;div[39m
      [33mclass[39m=[32m&quot;protobooth-layout protobooth-protobooth-resolve protobooth-resolve&quot;[39m
      [33mdata-testid[39m=[32m&quot;resolve-app&quot;[39m
      [33mid[39m=[32m&quot;protobooth-resolve&quot;[39m
    [36m&gt;[39m
      [36m&lt;div[39m
        [33mclass[39m=[32m&quot;protobooth-resolve__header&quot;[39m
      [36m&gt;[39m
        [36m&lt;h1&gt;[39m
          [0mprotobooth Development Interface[0m
        [36m&lt;/h1&gt;[39m
        [36m&lt;span[39m
          [33mclass[39m=[32m&quot;protobooth-status-badge protobooth-status-badge--submitted&quot;[39m
        [36m&gt;[39m
          [0mSubmitted For Development[0m
        [36m&lt;/span&gt;[39m
      [36m&lt;/div&gt;[39m
      [36m&lt;div[39m
        [33mclass[39m=[32m&quot;protobooth-resolve__content&quot;[39m
      [36m&gt;[39m
        [36m&lt;div[39m
          [33mclass[39m=[32m&quot;protobooth-resolve__submitted&quot;[39m
          [33mdata-testid[39m=[32m&quot;workflow-submitted-for-development&quot;[39m
        [36m&gt;[39m
          [36m&lt;h2&gt;[39m
            [0mSubmitted For Development[0m
          [36m&lt;/h2&gt;[39m
          [36m&lt;p[39m
            [33mdata-testid[39m=[32m&quot;annotations-count&quot;[39m
          [36m&gt;[39m
            [0m0[0m
            [0m annotations ready for resolution.[0m
          [36m&lt;/p&gt;[39m
          [36m&lt;div[39m
            [33mclass[39m=[32m&quot;protobooth-annotation-list protobooth-annotation-list--empty&quot;[39m
            [33mdata-testid[39m=[32m&quot;annotation-list&quot;[39m
          [36m&gt;[39m
            [36m&lt;p&gt;[39m
              [0mNo annotations available.[0m
            [36m&lt;/p&gt;[39m
          [36m&lt;/div&gt;[39m
          [36m&lt;div[39m
            [33mclass[39m=[32m&quot;protobooth-resolve__actions&quot;[39m
          [36m&gt;[39m
            [36m&lt;button[39m
              [33mclass[39m=[32m&quot;protobooth-button protobooth-button--primary protobooth-button--medium&quot;[39m
              [33mdata-testid[39m=[32m&quot;start-new-review-cycle-button&quot;[39m
            [36m&gt;[39m
              [0mStart New Review Cycle[0m
            [36m&lt;/button&gt;[39m
          [36m&lt;/div&gt;[39m
        [36m&lt;/div&gt;[39m
      [36m&lt;/div&gt;[39m
    [36m&lt;/div&gt;[39m
  [36m&lt;/div&gt;[39m
[36m&lt;/body&gt;[39m

Ignored nodes: comments, script, style
[36m&lt;html&gt;[39m
  [36m&lt;head /&gt;[39m
  [36m&lt;body&gt;[39m
    [36m&lt;div&gt;[39m
      [36m&lt;div[39m
        [33mclass[39m=[32m&quot;protobooth-layout protobooth-protobooth-resolve protobooth-resolve&quot;[39m
        [33mdata-testid[39m=[32m&quot;resolve-app&quot;[39m
        [33mid[39m=[32m&quot;protobooth-resolve&quot;[39m
      [36m&gt;[39m
        [36m&lt;div[39m
          [33mclass[39m=[32m&quot;protobooth-resolve__header&quot;[39m
        [36m&gt;[39m
          [36m&lt;h1&gt;[39m
            [0mprotobooth Development Interface[0m
          [36m&lt;/h1&gt;[39m
          [36m&lt;span[39m
            [33mclass[39m=[32m&quot;protobooth-status-badge protobooth-status-badge--submitted&quot;[39m
          [36m&gt;[39m
            [0mSubmitted For Development[0m
          [36m&lt;/span&gt;[39m
        [36m&lt;/div&gt;[39m
        [36m&lt;div[39m
          [33mclass[39m=[32m&quot;protobooth-resolve__content&quot;[39m
        [36m&gt;[39m
          [36m&lt;div[39m
            [33mclass[39m=[32m&quot;protobooth-resolve__submitted&quot;[39m
            [33mdata-testid[39m=[32m&quot;workflow-submitted-for-development&quot;[39m
          [36m&gt;[39m
            [36m&lt;h2&gt;[39m
              [0mSubmitted For Development[0m
            [36m&lt;/h2&gt;[39m
            [36m&lt;p[39m
              [33mdata-testid[39m=[32m&quot;annotations-count&quot;[39m
            [36m&gt;[39m
              [0m0[0m
              [0m annotations ready for resolution.[0m
            [36m&lt;/p&gt;[39m
            [36m&lt;div[39m
              [33mclass[39m=[32m&quot;protobooth-annotation-list protobooth-annotation-list--empty&quot;[39m
              [33mdata-testid[39m=[32m&quot;annotation-list&quot;[39m
            [36m&gt;[39m
              [36m&lt;p&gt;[39m
                [0mNo annotations available.[0m
              [36m&lt;/p&gt;[39m
            [36m&lt;/div&gt;[39m
            [36m&lt;div[39m
              [33mclass[39m=[32m&quot;protobooth-resolve__actions&quot;[39m
            [36m&gt;[39m
              [36m&lt;button[39m
                [33mclass[39m=[32m&quot;protobooth-button protobooth-button--primary protobooth-button--medium&quot;[39m
                [33mdata-testid[39m=[32m&quot;start-new-review-cycle-button&quot;[39m
              [36m&gt;[39m
                [0mStart New Review Cycle[0m
              [36m&lt;/button&gt;[39m
            [36m&lt;/div&gt;[39m
          [36m&lt;/div&gt;[39m
        [36m&lt;/div&gt;[39m
      [36m&lt;/div&gt;[39m
    [36m&lt;/div&gt;[39m
  [36m&lt;/body&gt;[39m
[36m&lt;/html&gt;[39m" type="TestingLibraryElementError">
TestingLibraryElementError: Unable to find an element with the text: /failed to download annotations/i. This could be because the text is broken up by multiple elements. In this case, you can provide a function for your text matcher to make your matcher more flexible.

Ignored nodes: comments, script, style
&lt;body&gt;
  &lt;div&gt;
    &lt;div
      class=&quot;protobooth-layout protobooth-protobooth-resolve protobooth-resolve&quot;
      data-testid=&quot;resolve-app&quot;
      id=&quot;protobooth-resolve&quot;
    &gt;
      &lt;div
        class=&quot;protobooth-resolve__header&quot;
      &gt;
        &lt;h1&gt;
          protobooth Development Interface
        &lt;/h1&gt;
        &lt;span
          class=&quot;protobooth-status-badge protobooth-status-badge--submitted&quot;
        &gt;
          Submitted For Development
        &lt;/span&gt;
      &lt;/div&gt;
      &lt;div
        class=&quot;protobooth-resolve__content&quot;
      &gt;
        &lt;div
          class=&quot;protobooth-resolve__submitted&quot;
          data-testid=&quot;workflow-submitted-for-development&quot;
        &gt;
          &lt;h2&gt;
            Submitted For Development
          &lt;/h2&gt;
          &lt;p
            data-testid=&quot;annotations-count&quot;
          &gt;
            0
             annotations ready for resolution.
          &lt;/p&gt;
          &lt;div
            class=&quot;protobooth-annotation-list protobooth-annotation-list--empty&quot;
            data-testid=&quot;annotation-list&quot;
          &gt;
            &lt;p&gt;
              No annotations available.
            &lt;/p&gt;
          &lt;/div&gt;
          &lt;div
            class=&quot;protobooth-resolve__actions&quot;
          &gt;
            &lt;button
              class=&quot;protobooth-button protobooth-button--primary protobooth-button--medium&quot;
              data-testid=&quot;start-new-review-cycle-button&quot;
            &gt;
              Start New Review Cycle
            &lt;/button&gt;
          &lt;/div&gt;
        &lt;/div&gt;
      &lt;/div&gt;
    &lt;/div&gt;
  &lt;/div&gt;
&lt;/body&gt;

Ignored nodes: comments, script, style
&lt;html&gt;
  &lt;head /&gt;
  &lt;body&gt;
    &lt;div&gt;
      &lt;div
        class=&quot;protobooth-layout protobooth-protobooth-resolve protobooth-resolve&quot;
        data-testid=&quot;resolve-app&quot;
        id=&quot;protobooth-resolve&quot;
      &gt;
        &lt;div
          class=&quot;protobooth-resolve__header&quot;
        &gt;
          &lt;h1&gt;
            protobooth Development Interface
          &lt;/h1&gt;
          &lt;span
            class=&quot;protobooth-status-badge protobooth-status-badge--submitted&quot;
          &gt;
            Submitted For Development
          &lt;/span&gt;
        &lt;/div&gt;
        &lt;div
          class=&quot;protobooth-resolve__content&quot;
        &gt;
          &lt;div
            class=&quot;protobooth-resolve__submitted&quot;
            data-testid=&quot;workflow-submitted-for-development&quot;
          &gt;
            &lt;h2&gt;
              Submitted For Development
            &lt;/h2&gt;
            &lt;p
              data-testid=&quot;annotations-count&quot;
            &gt;
              0
               annotations ready for resolution.
            &lt;/p&gt;
            &lt;div
              class=&quot;protobooth-annotation-list protobooth-annotation-list--empty&quot;
              data-testid=&quot;annotation-list&quot;
            &gt;
              &lt;p&gt;
                No annotations available.
              &lt;/p&gt;
            &lt;/div&gt;
            &lt;div
              class=&quot;protobooth-resolve__actions&quot;
            &gt;
              &lt;button
                class=&quot;protobooth-button protobooth-button--primary protobooth-button--medium&quot;
                data-testid=&quot;start-new-review-cycle-button&quot;
              &gt;
                Start New Review Cycle
              &lt;/button&gt;
            &lt;/div&gt;
          &lt;/div&gt;
        &lt;/div&gt;
      &lt;/div&gt;
    &lt;/div&gt;
  &lt;/body&gt;
&lt;/html&gt;
 ❯ Proxy.waitForWrapper node_modules/@testing-library/dom/dist/wait-for.js:163:27
 ❯ tests/integration/development-ui-workflow.test.tsx:534:13
            </failure>
        </testcase>
    </testsuite>
</testsuites>
